Component: ARM Compiler 5.05 update 2 (build 169) Tool: armlink [4d0f33]

==============================================================================

Section Cross References

    startup_stm32f407xx.o(RESET) refers to startup_stm32f407xx.o(STACK) for __initial_sp
    startup_stm32f407xx.o(RESET) refers to startup_stm32f407xx.o(.text) for Reset_Handler
    startup_stm32f407xx.o(RESET) refers to stm32f4xx_it.o(i.NMI_Handler) for NMI_Handler
    startup_stm32f407xx.o(RESET) refers to stm32f4xx_it.o(i.HardFault_Handler) for HardFault_Handler
    startup_stm32f407xx.o(RESET) refers to stm32f4xx_it.o(i.MemManage_Handler) for MemManage_Handler
    startup_stm32f407xx.o(RESET) refers to stm32f4xx_it.o(i.BusFault_Handler) for BusFault_Handler
    startup_stm32f407xx.o(RESET) refers to stm32f4xx_it.o(i.UsageFault_Handler) for UsageFault_Handler
    startup_stm32f407xx.o(RESET) refers to stm32f4xx_it.o(i.SVC_Handler) for SVC_Handler
    startup_stm32f407xx.o(RESET) refers to stm32f4xx_it.o(i.DebugMon_Handler) for DebugMon_Handler
    startup_stm32f407xx.o(RESET) refers to stm32f4xx_it.o(i.PendSV_Handler) for PendSV_Handler
    startup_stm32f407xx.o(RESET) refers to stm32f4xx_it.o(i.SysTick_Handler) for SysTick_Handler
    startup_stm32f407xx.o(RESET) refers to stm32f4xx_it.o(i.USART1_IRQHandler) for USART1_IRQHandler
    startup_stm32f407xx.o(.text) refers to system_stm32f4xx.o(i.SystemInit) for SystemInit
    startup_stm32f407xx.o(.text) refers to entry.o(.ARM.Collect$$$$00000000) for __main
    main.o(i.SystemClock_Config) refers to memseta.o(.text) for __aeabi_memclr4
    main.o(i.SystemClock_Config) refers to stm32f4xx_hal_rcc.o(i.HAL_RCC_OscConfig) for HAL_RCC_OscConfig
    main.o(i.SystemClock_Config) refers to main.o(i.Error_Handler) for Error_Handler
    main.o(i.SystemClock_Config) refers to stm32f4xx_hal_rcc.o(i.HAL_RCC_ClockConfig) for HAL_RCC_ClockConfig
    main.o(i.generate_and_display_keys) refers to kem.o(i.PQCLEAN_KYBER768_CLEAN_crypto_kem_keypair) for PQCLEAN_KYBER768_CLEAN_crypto_kem_keypair
    main.o(i.generate_and_display_keys) refers to printf8.o(i.__0printf$8) for __2printf
    main.o(i.generate_and_display_keys) refers to kem.o(i.PQCLEAN_KYBER768_CLEAN_crypto_kem_enc) for PQCLEAN_KYBER768_CLEAN_crypto_kem_enc
    main.o(i.generate_and_display_keys) refers to kem.o(i.PQCLEAN_KYBER768_CLEAN_crypto_kem_dec) for PQCLEAN_KYBER768_CLEAN_crypto_kem_dec
    main.o(i.main) refers to stm32f4xx_hal.o(i.HAL_Init) for HAL_Init
    main.o(i.main) refers to main.o(i.SystemClock_Config) for SystemClock_Config
    main.o(i.main) refers to gpio.o(i.MX_GPIO_Init) for MX_GPIO_Init
    main.o(i.main) refers to rng.o(i.MX_RNG_Init) for MX_RNG_Init
    main.o(i.main) refers to usart.o(i.MX_USART1_UART_Init) for MX_USART1_UART_Init
    main.o(i.main) refers to printf8.o(i.__0printf$8) for __2printf
    main.o(i.main) refers to main.o(i.generate_and_display_keys) for generate_and_display_keys
    rng.o(i.MX_RNG_Init) refers to stm32f4xx_hal_rng.o(i.HAL_RNG_Init) for HAL_RNG_Init
    rng.o(i.MX_RNG_Init) refers to main.o(i.Error_Handler) for Error_Handler
    rng.o(i.MX_RNG_Init) refers to rng.o(.bss) for .bss
    usart.o(i.HAL_UART_MspDeInit) refers to stm32f4xx_hal_gpio.o(i.HAL_GPIO_DeInit) for HAL_GPIO_DeInit
    usart.o(i.HAL_UART_MspDeInit) refers to stm32f4xx_hal_cortex.o(i.HAL_NVIC_DisableIRQ) for HAL_NVIC_DisableIRQ
    usart.o(i.HAL_UART_MspInit) refers to memseta.o(.text) for __aeabi_memclr4
    usart.o(i.HAL_UART_MspInit) refers to stm32f4xx_hal_gpio.o(i.HAL_GPIO_Init) for HAL_GPIO_Init
    usart.o(i.HAL_UART_MspInit) refers to stm32f4xx_hal_cortex.o(i.HAL_NVIC_SetPriority) for HAL_NVIC_SetPriority
    usart.o(i.HAL_UART_MspInit) refers to stm32f4xx_hal_cortex.o(i.HAL_NVIC_EnableIRQ) for HAL_NVIC_EnableIRQ
    usart.o(i.MX_USART1_UART_Init) refers to stm32f4xx_hal_uart.o(i.HAL_UART_Init) for HAL_UART_Init
    usart.o(i.MX_USART1_UART_Init) refers to main.o(i.Error_Handler) for Error_Handler
    usart.o(i.MX_USART1_UART_Init) refers to usart.o(.bss) for .bss
    stm32f4xx_it.o(i.SysTick_Handler) refers to stm32f4xx_hal.o(i.HAL_IncTick) for HAL_IncTick
    stm32f4xx_it.o(i.USART1_IRQHandler) refers to stm32f4xx_hal_uart.o(i.HAL_UART_IRQHandler) for HAL_UART_IRQHandler
    stm32f4xx_it.o(i.USART1_IRQHandler) refers to usart.o(.bss) for huart1
    cbd.o(i.PQCLEAN_KYBER768_CLEAN_poly_cbd_eta1) refers to cbd.o(i.cbd2) for cbd2
    cbd.o(i.PQCLEAN_KYBER768_CLEAN_poly_cbd_eta2) refers to cbd.o(i.cbd2) for cbd2
    cbd.o(i.cbd2) refers to cbd.o(i.load32_littleendian) for load32_littleendian
    indcpa.o(i.PQCLEAN_KYBER768_CLEAN_gen_matrix) refers to symmetric-shake.o(i.PQCLEAN_KYBER768_CLEAN_kyber_shake128_absorb) for PQCLEAN_KYBER768_CLEAN_kyber_shake128_absorb
    indcpa.o(i.PQCLEAN_KYBER768_CLEAN_gen_matrix) refers to fips202.o(i.shake128_squeezeblocks) for shake128_squeezeblocks
    indcpa.o(i.PQCLEAN_KYBER768_CLEAN_gen_matrix) refers to indcpa.o(i.rej_uniform) for rej_uniform
[...]
    Removing stm32f4xx_hal_pwr_ex.o(i.HAL_PWREx_EnableFlashPowerDown), (12 bytes).
    Removing stm32f4xx_hal_pwr_ex.o(i.HAL_PWREx_GetVoltageRange), (16 bytes).
    Removing stm32f4xx_hal_cortex.o(.rev16_text), (4 bytes).
    Removing stm32f4xx_hal_cortex.o(.revsh_text), (4 bytes).
    Removing stm32f4xx_hal_cortex.o(.rrx_text), (6 bytes).
    Removing stm32f4xx_hal_cortex.o(i.HAL_MPU_ConfigRegion), (88 bytes).
    Removing stm32f4xx_hal_cortex.o(i.HAL_MPU_Disable), (28 bytes).
    Removing stm32f4xx_hal_cortex.o(i.HAL_MPU_Enable), (36 bytes).
    Removing stm32f4xx_hal_cortex.o(i.HAL_NVIC_ClearPendingIRQ), (26 bytes).
    Removing stm32f4xx_hal_cortex.o(i.HAL_NVIC_DisableIRQ), (34 bytes).
    Removing stm32f4xx_hal_cortex.o(i.HAL_NVIC_GetActive), (40 bytes).
    Removing stm32f4xx_hal_cortex.o(i.HAL_NVIC_GetPendingIRQ), (40 bytes).
    Removing stm32f4xx_hal_cortex.o(i.HAL_NVIC_GetPriority), (86 bytes).
    Removing stm32f4xx_hal_cortex.o(i.HAL_NVIC_GetPriorityGrouping), (16 bytes).
    Removing stm32f4xx_hal_cortex.o(i.HAL_NVIC_SetPendingIRQ), (26 bytes).
    Removing stm32f4xx_hal_cortex.o(i.HAL_NVIC_SystemReset), (36 bytes).
    Removing stm32f4xx_hal_cortex.o(i.HAL_SYSTICK_CLKSourceConfig), (28 bytes).
    Removing stm32f4xx_hal_cortex.o(i.HAL_SYSTICK_Callback), (2 bytes).
    Removing stm32f4xx_hal_cortex.o(i.HAL_SYSTICK_IRQHandler), (8 bytes).
    Removing stm32f4xx_hal.o(.rev16_text), (4 bytes).
    Removing stm32f4xx_hal.o(.revsh_text), (4 bytes).
    Removing stm32f4xx_hal.o(.rrx_text), (6 bytes).
    Removing stm32f4xx_hal.o(i.HAL_DBGMCU_DisableDBGSleepMode), (16 bytes).
    Removing stm32f4xx_hal.o(i.HAL_DBGMCU_DisableDBGStandbyMode), (16 bytes).
    Removing stm32f4xx_hal.o(i.HAL_DBGMCU_DisableDBGStopMode), (16 bytes).
    Removing stm32f4xx_hal.o(i.HAL_DBGMCU_EnableDBGSleepMode), (16 bytes).
    Removing stm32f4xx_hal.o(i.HAL_DBGMCU_EnableDBGStandbyMode), (16 bytes).
    Removing stm32f4xx_hal.o(i.HAL_DBGMCU_EnableDBGStopMode), (16 bytes).
    Removing stm32f4xx_hal.o(i.HAL_DeInit), (52 bytes).
    Removing stm32f4xx_hal.o(i.HAL_Delay), (36 bytes).
    Removing stm32f4xx_hal.o(i.HAL_DisableCompensationCell), (12 bytes).
    Removing stm32f4xx_hal.o(i.HAL_EnableCompensationCell), (12 bytes).
    Removing stm32f4xx_hal.o(i.HAL_GetDEVID), (16 bytes).
    Removing stm32f4xx_hal.o(i.HAL_GetHalVersion), (8 bytes).
    Removing stm32f4xx_hal.o(i.HAL_GetREVID), (12 bytes).
    Removing stm32f4xx_hal.o(i.HAL_GetTickFreq), (12 bytes).
    Removing stm32f4xx_hal.o(i.HAL_GetTickPrio), (12 bytes).
    Removing stm32f4xx_hal.o(i.HAL_GetUIDw0), (12 bytes).
    Removing stm32f4xx_hal.o(i.HAL_GetUIDw1), (12 bytes).
    Removing stm32f4xx_hal.o(i.HAL_GetUIDw2), (12 bytes).
    Removing stm32f4xx_hal.o(i.HAL_MspDeInit), (2 bytes).
    Removing stm32f4xx_hal.o(i.HAL_MspInit), (2 bytes).
    Removing stm32f4xx_hal.o(i.HAL_ResumeTick), (14 bytes).
    Removing stm32f4xx_hal.o(i.HAL_SetTickFreq), (36 bytes).
    Removing stm32f4xx_hal.o(i.HAL_SuspendTick), (14 bytes).
    Removing stm32f4xx_hal.o(i.fgetc), (32 bytes).
    Removing stm32f4xx_hal_exti.o(.rev16_text), (4 bytes).
    Removing stm32f4xx_hal_exti.o(.revsh_text), (4 bytes).
    Removing stm32f4xx_hal_exti.o(.rrx_text), (6 bytes).
    Removing stm32f4xx_hal_exti.o(i.HAL_EXTI_ClearConfigLine), (112 bytes).
    Removing stm32f4xx_hal_exti.o(i.HAL_EXTI_ClearPending), (20 bytes).
    Removing stm32f4xx_hal_exti.o(i.HAL_EXTI_GenerateSWI), (20 bytes).
    Removing stm32f4xx_hal_exti.o(i.HAL_EXTI_GetConfigLine), (152 bytes).
    Removing stm32f4xx_hal_exti.o(i.HAL_EXTI_GetHandle), (14 bytes).
    Removing stm32f4xx_hal_exti.o(i.HAL_EXTI_GetPending), (24 bytes).
    Removing stm32f4xx_hal_exti.o(i.HAL_EXTI_IRQHandler), (36 bytes).
    Removing stm32f4xx_hal_exti.o(i.HAL_EXTI_RegisterCallback), (16 bytes).
    Removing stm32f4xx_hal_exti.o(i.HAL_EXTI_SetConfigLine), (184 bytes).
    Removing stm32f4xx_hal_tim.o(.rev16_text), (4 bytes).
    Removing stm32f4xx_hal_tim.o(.revsh_text), (4 bytes).
    Removing stm32f4xx_hal_tim.o(.rrx_text), (6 bytes).
    Removing stm32f4xx_hal_tim_ex.o(.rev16_text), (4 bytes).
    Removing stm32f4xx_hal_tim_ex.o(.revsh_text), (4 bytes).
    Removing stm32f4xx_hal_tim_ex.o(.rrx_text), (6 bytes).
    Removing stm32f4xx_hal_uart.o(.rev16_text), (4 bytes).
    Removing stm32f4xx_hal_uart.o(.revsh_text), (4 bytes).
    Removing stm32f4xx_hal_uart.o(.rrx_text), (6 bytes).
    Removing stm32f4xx_hal_uart.o(i.HAL_HalfDuplex_EnableReceiver), (50 bytes).
    Removing stm32f4xx_hal_uart.o(i.HAL_HalfDuplex_EnableTransmitter), (50 bytes).
    Removing stm32f4xx_hal_uart.o(i.HAL_HalfDuplex_Init), (110 bytes).
    Removing stm32f4xx_hal_uart.o(i.HAL_LIN_Init), (130 bytes).
    Removing stm32f4xx_hal_uart.o(i.HAL_LIN_SendBreak), (58 bytes).
    Removing stm32f4xx_hal_uart.o(i.HAL_MultiProcessor_EnterMuteMode), (58 bytes).
    Removing stm32f4xx_hal_uart.o(i.HAL_MultiProcessor_ExitMuteMode), (58 bytes).
    Removing stm32f4xx_hal_uart.o(i.HAL_MultiProcessor_Init), (144 bytes).
    Removing stm32f4xx_hal_uart.o(i.HAL_UARTEx_ReceiveToIdle), (260 bytes).
    Removing stm32f4xx_hal_uart.o(i.HAL_UARTEx_ReceiveToIdle_DMA), (98 bytes).
    Removing stm32f4xx_hal_uart.o(i.HAL_UARTEx_ReceiveToIdle_IT), (98 bytes).
    Removing stm32f4xx_hal_uart.o(i.HAL_UART_Abort), (216 bytes).
    Removing stm32f4xx_hal_uart.o(i.HAL_UART_AbortCpltCallback), (2 bytes).
    Removing stm32f4xx_hal_uart.o(i.HAL_UART_AbortReceive), (148 bytes).
    Removing stm32f4xx_hal_uart.o(i.HAL_UART_AbortReceiveCpltCallback), (2 bytes).
    Removing stm32f4xx_hal_uart.o(i.HAL_UART_AbortReceive_IT), (168 bytes).
    Removing stm32f4xx_hal_uart.o(i.HAL_UART_AbortTransmit), (98 bytes).
    Removing stm32f4xx_hal_uart.o(i.HAL_UART_AbortTransmitCpltCallback), (2 bytes).
    Removing stm32f4xx_hal_uart.o(i.HAL_UART_AbortTransmit_IT), (116 bytes).
    Removing stm32f4xx_hal_uart.o(i.HAL_UART_Abort_IT), (248 bytes).
    Removing stm32f4xx_hal_uart.o(i.HAL_UART_DMAPause), (146 bytes).
    Removing stm32f4xx_hal_uart.o(i.HAL_UART_DMAResume), (140 bytes).
    Removing stm32f4xx_hal_uart.o(i.HAL_UART_DMAStop), (112 bytes).
    Removing stm32f4xx_hal_uart.o(i.HAL_UART_DeInit), (50 bytes).
    Removing stm32f4xx_hal_uart.o(i.HAL_UART_GetError), (4 bytes).
    Removing stm32f4xx_hal_uart.o(i.HAL_UART_GetState), (12 bytes).
    Removing stm32f4xx_hal_uart.o(i.HAL_UART_MspDeInit), (2 bytes).
    Removing stm32f4xx_hal_uart.o(i.HAL_UART_MspInit), (2 bytes).
    Removing stm32f4xx_hal_uart.o(i.HAL_UART_Receive), (202 bytes).
    Removing stm32f4xx_hal_uart.o(i.HAL_UART_Receive_DMA), (46 bytes).
    Removing stm32f4xx_hal_uart.o(i.HAL_UART_Receive_IT), (46 bytes).
    Removing stm32f4xx_hal_uart.o(i.HAL_UART_RxHalfCpltCallback), (2 bytes).
    Removing stm32f4xx_hal_uart.o(i.HAL_UART_Transmit_DMA), (148 bytes).
    Removing stm32f4xx_hal_uart.o(i.HAL_UART_Transmit_IT), (66 bytes).
    Removing stm32f4xx_hal_uart.o(i.HAL_UART_TxHalfCpltCallback), (2 bytes).
    Removing stm32f4xx_hal_uart.o(i.UART_DMAError), (74 bytes).
    Removing stm32f4xx_hal_uart.o(i.UART_DMAReceiveCplt), (130 bytes).
    Removing stm32f4xx_hal_uart.o(i.UART_DMARxAbortCallback), (46 bytes).
    Removing stm32f4xx_hal_uart.o(i.UART_DMARxHalfCplt), (26 bytes).
    Removing stm32f4xx_hal_uart.o(i.UART_DMARxOnlyAbortCallback), (22 bytes).
    Removing stm32f4xx_hal_uart.o(i.UART_DMATransmitCplt), (66 bytes).
    Removing stm32f4xx_hal_uart.o(i.UART_DMATxAbortCallback), (46 bytes).
    Removing stm32f4xx_hal_uart.o(i.UART_DMATxHalfCplt), (10 bytes).
    Removing stm32f4xx_hal_uart.o(i.UART_DMATxOnlyAbortCallback), (20 bytes).
    Removing stm32f4xx_hal_uart.o(i.UART_EndTxTransfer), (28 bytes).
    Removing stm32f4xx_hal_uart.o(i.UART_Start_Receive_DMA), (152 bytes).
    Removing stm32f4xx_hal_uart.o(i.UART_Start_Receive_IT), (60 bytes).
    Removing system_stm32f4xx.o(.rev16_text), (4 bytes).
    Removing system_stm32f4xx.o(.revsh_text), (4 bytes).
    Removing system_stm32f4xx.o(.rrx_text), (6 bytes).
    Removing system_stm32f4xx.o(i.SystemCoreClockUpdate), (140 bytes).
    Removing dadd.o(.text), (334 bytes).
    Removing dmul.o(.text), (228 bytes).
    Removing ddiv.o(.text), (222 bytes).
    Removing dfixul.o(.text), (48 bytes).
    Removing cdrcmple.o(.text), (48 bytes).
    Removing depilogue.o(.text), (186 bytes).

405 unused section(s) (total 74050 bytes) removed from the image.

==============================================================================

Image Symbol Table

    Local Symbols

    Symbol Name                              Value     Ov Type        Size  Object(Section)

    ../Core/Src/gpio.c                       0x00000000   Number         0  gpio.o ABSOLUTE
    ../Core/Src/main.c                       0x00000000   Number         0  main.o ABSOLUTE
    ../Core/Src/rng.c                        0x00000000   Number         0  rng.o ABSOLUTE
    ../Core/Src/stm32f4xx_hal_msp.c          0x00000000   Number         0  stm32f4xx_hal_msp.o ABSOLUTE
    ../Core/Src/stm32f4xx_it.c               0x00000000   Number         0  stm32f4xx_it.o ABSOLUTE
    ../Core/Src/system_stm32f4xx.c           0x00000000   Number         0  system_stm32f4xx.o ABSOLUTE
    ../Core/Src/usart.c                      0x00000000   Number         0  usart.o ABSOLUTE
    ../Drivers/STM32F4xx_HAL_Driver/Src/stm32f4xx_hal.c 0x00000000   Number         0  stm32f4xx_hal.o ABSOLUTE
    ../Drivers/STM32F4xx_HAL_Driver/Src/stm32f4xx_hal_cortex.c 0x00000000   Number         0  stm32f4xx_hal_cortex.o ABSOLUTE
    ../Drivers/STM32F4xx_HAL_Driver/Src/stm32f4xx_hal_dma.c 0x00000000   Number         0  stm32f4xx_hal_dma.o ABSOLUTE
    ../Drivers/STM32F4xx_HAL_Driver/Src/stm32f4xx_hal_dma_ex.c 0x00000000   Number         0  stm32f4xx_hal_dma_ex.o ABSOLUTE
    ../Drivers/STM32F4xx_HAL_Driver/Src/stm32f4xx_hal_exti.c 0x00000000   Number         0  stm32f4xx_hal_exti.o ABSOLUTE
    ../Drivers/STM32F4xx_HAL_Driver/Src/stm32f4xx_hal_flash.c 0x00000000   Number         0  stm32f4xx_hal_flash.o ABSOLUTE
    ../Drivers/STM32F4xx_HAL_Driver/Src/stm32f4xx_hal_flash_ex.c 0x00000000   Number         0  stm32f4xx_hal_flash_ex.o ABSOLUTE
    ../Drivers/STM32F4xx_HAL_Driver/Src/stm32f4xx_hal_flash_ramfunc.c 0x00000000   Number         0  stm32f4xx_hal_flash_ramfunc.o ABSOLUTE
    ../Drivers/STM32F4xx_HAL_Driver/Src/stm32f4xx_hal_gpio.c 0x00000000   Number         0  stm32f4xx_hal_gpio.o ABSOLUTE
    ../Drivers/STM32F4xx_HAL_Driver/Src/stm32f4xx_hal_pwr.c 0x00000000   Number         0  stm32f4xx_hal_pwr.o ABSOLUTE
    ../Drivers/STM32F4xx_HAL_Driver/Src/stm32f4xx_hal_pwr_ex.c 0x00000000   Number         0  stm32f4xx_hal_pwr_ex.o ABSOLUTE
    ../Drivers/STM32F4xx_HAL_Driver/Src/stm32f4xx_hal_rcc.c 0x00000000   Number         0  stm32f4xx_hal_rcc.o ABSOLUTE
    ../Drivers/STM32F4xx_HAL_Driver/Src/stm32f4xx_hal_rcc_ex.c 0x00000000   Number         0  stm32f4xx_hal_rcc_ex.o ABSOLUTE
    ../Drivers/STM32F4xx_HAL_Driver/Src/stm32f4xx_hal_rng.c 0x00000000   Number         0  stm32f4xx_hal_rng.o ABSOLUTE
    ../Drivers/STM32F4xx_HAL_Driver/Src/stm32f4xx_hal_tim.c 0x00000000   Number         0  stm32f4xx_hal_tim.o ABSOLUTE
    ../Drivers/STM32F4xx_HAL_Driver/Src/stm32f4xx_hal_tim_ex.c 0x00000000   Number         0  stm32f4xx_hal_tim_ex.o ABSOLUTE
    ../Drivers/STM32F4xx_HAL_Driver/Src/stm32f4xx_hal_uart.c 0x00000000   Number         0  stm32f4xx_hal_uart.o ABSOLUTE
    ../clib/microlib/division.c              0x00000000   Number         0  uidiv.o ABSOLUTE
    ../clib/microlib/division.c              0x00000000   Number         0  uldiv.o ABSOLUTE
    ../clib/microlib/init/entry.s            0x00000000   Number         0  entry.o ABSOLUTE
    ../clib/microlib/init/entry.s            0x00000000   Number         0  entry11b.o ABSOLUTE
    ../clib/microlib/init/entry.s            0x00000000   Number         0  entry2.o ABSOLUTE
    ../clib/microlib/init/entry.s            0x00000000   Number         0  entry10b.o ABSOLUTE
    ../clib/microlib/init/entry.s            0x00000000   Number         0  entry5.o ABSOLUTE
    ../clib/microlib/init/entry.s            0x00000000   Number         0  entry8b.o ABSOLUTE
    ../clib/microlib/init/entry.s            0x00000000   Number         0  entry7a.o ABSOLUTE
    ../clib/microlib/init/entry.s            0x00000000   Number         0  entry7b.o ABSOLUTE
    ../clib/microlib/init/entry.s            0x00000000   Number         0  entry11a.o ABSOLUTE
    ../clib/microlib/init/entry.s            0x00000000   Number         0  entry8a.o ABSOLUTE
    ../clib/microlib/init/entry.s            0x00000000   Number         0  entry9a.o ABSOLUTE
    ../clib/microlib/init/entry.s            0x00000000   Number         0  entry9b.o ABSOLUTE
    ../clib/microlib/init/entry.s            0x00000000   Number         0  entry10a.o ABSOLUTE
    ../clib/microlib/longlong.c              0x00000000   Number         0  llshl.o ABSOLUTE
    ../clib/microlib/longlong.c              0x00000000   Number         0  llushr.o ABSOLUTE
    ../clib/microlib/longlong.c              0x00000000   Number         0  llsshr.o ABSOLUTE
    ../clib/microlib/malloc/malloc.c         0x00000000   Number         0  malloc.o ABSOLUTE
    ../clib/microlib/malloc/malloc.c         0x00000000   Number         0  mallocr.o ABSOLUTE
    ../clib/microlib/malloc/malloc.c         0x00000000   Number         0  malloca.o ABSOLUTE
    ../clib/microlib/malloc/malloc.c         0x00000000   Number         0  mallocra.o ABSOLUTE
    ../clib/microlib/malloc/mvars.c          0x00000000   Number         0  mvars.o ABSOLUTE
    ../clib/microlib/printf/printf.c         0x00000000   Number         0  printfb.o ABSOLUTE
    ../clib/microlib/printf/printf.c         0x00000000   Number         0  printf3.o ABSOLUTE
    ../clib/microlib/printf/printf.c         0x00000000   Number         0  printfa.o ABSOLUTE
    ../clib/microlib/printf/printf.c         0x00000000   Number         0  printf8.o ABSOLUTE
    ../clib/microlib/printf/printf.c         0x00000000   Number         0  printf7.o ABSOLUTE
    ../clib/microlib/printf/printf.c         0x00000000   Number         0  printf5.o ABSOLUTE
    ../clib/microlib/printf/printf.c         0x00000000   Number         0  printf6.o ABSOLUTE
    ../clib/microlib/printf/printf.c         0x00000000   Number         0  printf4.o ABSOLUTE
    ../clib/microlib/printf/printf.c         0x00000000   Number         0  printf2.o ABSOLUTE
    ../clib/microlib/printf/printf.c         0x00000000   Number         0  printf1.o ABSOLUTE
    ../clib/microlib/printf/printf.c         0x00000000   Number         0  printf0.o ABSOLUTE
    ../clib/microlib/printf/stubs.s          0x00000000   Number         0  stubs.o ABSOLUTE
    ../clib/microlib/stdio/streams.c         0x00000000   Number         0  stdout.o ABSOLUTE
    ../clib/microlib/string/memcpy.c         0x00000000   Number         0  memcpyb.o ABSOLUTE
    ../clib/microlib/string/memcpy.c         0x00000000   Number         0  memcpya.o ABSOLUTE
    ../clib/microlib/string/memset.c         0x00000000   Number         0  memseta.o ABSOLUTE
    ../clib/microlib/stubs.s                 0x00000000   Number         0  iusefp.o ABSOLUTE
    ../fplib/microlib/fpadd.c                0x00000000   Number         0  dadd.o ABSOLUTE
    ../fplib/microlib/fpdiv.c                0x00000000   Number         0  ddiv.o ABSOLUTE
    ../fplib/microlib/fpepilogue.c           0x00000000   Number         0  depilogue.o ABSOLUTE
    ../fplib/microlib/fpfix.c                0x00000000   Number         0  dfixul.o ABSOLUTE
    ../fplib/microlib/fpmul.c                0x00000000   Number         0  dmul.o ABSOLUTE
    ..\Core\Src\common\aes.c                 0x00000000   Number         0  aes.o ABSOLUTE
    ..\Core\Src\common\fips202.c             0x00000000   Number         0  fips202.o ABSOLUTE
    ..\Core\Src\common\nistseedexpander.c    0x00000000   Number         0  nistseedexpander.o ABSOLUTE
    ..\Core\Src\common\randombytes.c         0x00000000   Number         0  randombytes.o ABSOLUTE
    ..\Core\Src\common\sha2.c                0x00000000   Number         0  sha2.o ABSOLUTE
    ..\Core\Src\common\sp800-185.c           0x00000000   Number         0  sp800-185.o ABSOLUTE
    ..\Core\Src\gpio.c                       0x00000000   Number         0  gpio.o ABSOLUTE
    ..\Core\Src\kyber768\cbd.c               0x00000000   Number         0  cbd.o ABSOLUTE
    ..\Core\Src\kyber768\indcpa.c            0x00000000   Number         0  indcpa.o ABSOLUTE
    ..\Core\Src\kyber768\kem.c               0x00000000   Number         0  kem.o ABSOLUTE
    ..\Core\Src\kyber768\ntt.c               0x00000000   Number         0  ntt.o ABSOLUTE
    ..\Core\Src\kyber768\poly.c              0x00000000   Number         0  poly.o ABSOLUTE
    ..\Core\Src\kyber768\polyvec.c           0x00000000   Number         0  polyvec.o ABSOLUTE
    ..\Core\Src\kyber768\reduce.c            0x00000000   Number         0  reduce.o ABSOLUTE
    ..\Core\Src\kyber768\symmetric-shake.c   0x00000000   Number         0  symmetric-shake.o ABSOLUTE
    ..\Core\Src\kyber768\verify.c            0x00000000   Number         0  verify.o ABSOLUTE
    ..\Core\Src\main.c                       0x00000000   Number         0  main.o ABSOLUTE
    ..\Core\Src\rng.c                        0x00000000   Number         0  rng.o ABSOLUTE
    ..\Core\Src\stm32f4xx_hal_msp.c          0x00000000   Number         0  stm32f4xx_hal_msp.o ABSOLUTE
    ..\Core\Src\stm32f4xx_it.c               0x00000000   Number         0  stm32f4xx_it.o ABSOLUTE
    ..\Core\Src\system_stm32f4xx.c           0x00000000   Number         0  system_stm32f4xx.o ABSOLUTE
    ..\Core\Src\usart.c                      0x00000000   Number         0  usart.o ABSOLUTE
    ..\Drivers\STM32F4xx_HAL_Driver\Src\stm32f4xx_hal.c 0x00000000   Number         0  stm32f4xx_hal.o ABSOLUTE
    ..\Drivers\STM32F4xx_HAL_Driver\Src\stm32f4xx_hal_cortex.c 0x00000000   Number         0  stm32f4xx_hal_cortex.o ABSOLUTE
    ..\Drivers\STM32F4xx_HAL_Driver\Src\stm32f4xx_hal_dma.c 0x00000000   Number         0  stm32f4xx_hal_dma.o ABSOLUTE
    ..\Drivers\STM32F4xx_HAL_Driver\Src\stm32f4xx_hal_dma_ex.c 0x00000000   Number         0  stm32f4xx_hal_dma_ex.o ABSOLUTE
    ..\Drivers\STM32F4xx_HAL_Driver\Src\stm32f4xx_hal_exti.c 0x00000000   Number         0  stm32f4xx_hal_exti.o ABSOLUTE
    ..\Drivers\STM32F4xx_HAL_Driver\Src\stm32f4xx_hal_flash.c 0x00000000   Number         0  stm32f4xx_hal_flash.o ABSOLUTE
    ..\Drivers\STM32F4xx_HAL_Driver\Src\stm32f4xx_hal_flash_ex.c 0x00000000   Number         0  stm32f4xx_hal_flash_ex.o ABSOLUTE
    ..\Drivers\STM32F4xx_HAL_Driver\Src\stm32f4xx_hal_flash_ramfunc.c 0x00000000   Number         0  stm32f4xx_hal_flash_ramfunc.o ABSOLUTE
    ..\Drivers\STM32F4xx_HAL_Driver\Src\stm32f4xx_hal_gpio.c 0x00000000   Number         0  stm32f4xx_hal_gpio.o ABSOLUTE
    ..\Drivers\STM32F4xx_HAL_Driver\Src\stm32f4xx_hal_pwr.c 0x00000000   Number         0  stm32f4xx_hal_pwr.o ABSOLUTE
    ..\Drivers\STM32F4xx_HAL_Driver\Src\stm32f4xx_hal_pwr_ex.c 0x00000000   Number         0  stm32f4xx_hal_pwr_ex.o ABSOLUTE
    ..\Drivers\STM32F4xx_HAL_Driver\Src\stm32f4xx_hal_rcc.c 0x00000000   Number         0  stm32f4xx_hal_rcc.o ABSOLUTE
    ..\Drivers\STM32F4xx_HAL_Driver\Src\stm32f4xx_hal_rcc_ex.c 0x00000000   Number         0  stm32f4xx_hal_rcc_ex.o ABSOLUTE
    ..\Drivers\STM32F4xx_HAL_Driver\Src\stm32f4xx_hal_rng.c 0x00000000   Number         0  stm32f4xx_hal_rng.o ABSOLUTE
    ..\Drivers\STM32F4xx_HAL_Driver\Src\stm32f4xx_hal_tim.c 0x00000000   Number         0  stm32f4xx_hal_tim.o ABSOLUTE
    ..\Drivers\STM32F4xx_HAL_Driver\Src\stm32f4xx_hal_tim_ex.c 0x00000000   Number         0  stm32f4xx_hal_tim_ex.o ABSOLUTE
    ..\Drivers\STM32F4xx_HAL_Driver\Src\stm32f4xx_hal_uart.c 0x00000000   Number         0  stm32f4xx_hal_uart.o ABSOLUTE
    ..\\Core\\Src\\common\\randombytes.c     0x00000000   Number         0  randombytes.o ABSOLUTE
    cdrcmple.s                               0x00000000   Number         0  cdrcmple.o ABSOLUTE
    dc.s                                     0x00000000   Number         0  dc.o ABSOLUTE
    handlers.s                               0x00000000   Number         0  handlers.o ABSOLUTE
    init.s                                   0x00000000   Number         0  init.o ABSOLUTE
    startup_stm32f407xx.s                    0x00000000   Number         0  startup_stm32f407xx.o ABSOLUTE
    RESET                                    0x08000000   Section      392  startup_stm32f407xx.o(RESET)
    .ARM.Collect$$$$00000000                 0x08000188   Section        0  entry.o(.ARM.Collect$$$$00000000)
    .ARM.Collect$$$$00000001                 0x08000188   Section        4  entry2.o(.ARM.Collect$$$$00000001)
    .ARM.Collect$$$$00000004                 0x0800018c   Section        4  entry5.o(.ARM.Collect$$$$00000004)
    .ARM.Collect$$$$00000008                 0x08000190   Section        0  entry7b.o(.ARM.Collect$$$$00000008)
    .ARM.Collect$$$$0000000A                 0x08000190   Section        0  entry8b.o(.ARM.Collect$$$$0000000A)
    .ARM.Collect$$$$0000000B                 0x08000190   Section        8  entry9a.o(.ARM.Collect$$$$0000000B)
    .ARM.Collect$$$$0000000D                 0x08000198   Section        0  entry10a.o(.ARM.Collect$$$$0000000D)
    .ARM.Collect$$$$0000000F                 0x08000198   Section        0  entry11a.o(.ARM.Collect$$$$0000000F)
    .ARM.Collect$$$$00002712                 0x08000198   Section        4  entry2.o(.ARM.Collect$$$$00002712)
    __lit__00000000                          0x08000198   Data           4  entry2.o(.ARM.Collect$$$$00002712)
    .text                                    0x0800019c   Section       36  startup_stm32f407xx.o(.text)
    $v0                                      0x0800019c   Number         0  startup_stm32f407xx.o(.text)
    .text                                    0x080001c0   Section        0  uldiv.o(.text)
    .text                                    0x08000222   Section        0  llshl.o(.text)
    .text                                    0x08000240   Section        0  llushr.o(.text)
    .text                                    0x08000260   Section        0  memcpya.o(.text)
    .text                                    0x08000284   Section        0  memseta.o(.text)
    .text                                    0x080002a8   Section       36  init.o(.text)
    i.BusFault_Handler                       0x080002cc   Section        0  stm32f4xx_it.o(i.BusFault_Handler)
    i.DebugMon_Handler                       0x080002ce   Section        0  stm32f4xx_it.o(i.DebugMon_Handler)
    i.Error_Handler                          0x080002d0   Section        0  main.o(i.Error_Handler)
    i.HAL_DMA_Abort                          0x080002d4   Section        0  stm32f4xx_hal_dma.o(i.HAL_DMA_Abort)
    i.HAL_DMA_Abort_IT                       0x08000362   Section        0  stm32f4xx_hal_dma.o(i.HAL_DMA_Abort_IT)
    i.HAL_GPIO_Init                          0x08000388   Section        0  stm32f4xx_hal_gpio.o(i.HAL_GPIO_Init)
    i.HAL_GetTick                            0x08000558   Section        0  stm32f4xx_hal.o(i.HAL_GetTick)
    i.HAL_IncTick                            0x08000564   Section        0  stm32f4xx_hal.o(i.HAL_IncTick)
    i.HAL_Init                               0x08000574   Section        0  stm32f4xx_hal.o(i.HAL_Init)
    i.HAL_InitTick                           0x080005a8   Section        0  stm32f4xx_hal.o(i.HAL_InitTick)
    i.HAL_MspInit                            0x080005ec   Section        0  stm32f4xx_hal_msp.o(i.HAL_MspInit)
    i.HAL_NVIC_EnableIRQ                     0x0800061c   Section        0  stm32f4xx_hal_cortex.o(i.HAL_NVIC_EnableIRQ)
    i.HAL_NVIC_SetPriority                   0x08000638   Section        0  stm32f4xx_hal_cortex.o(i.HAL_NVIC_SetPriority)
    i.HAL_NVIC_SetPriorityGrouping           0x08000678   Section        0  stm32f4xx_hal_cortex.o(i.HAL_NVIC_SetPriorityGrouping)
    i.HAL_RCC_ClockConfig                    0x0800069c   Section        0  stm32f4xx_hal_rcc.o(i.HAL_RCC_ClockConfig)
    i.HAL_RCC_GetHCLKFreq                    0x080007e8   Section        0  stm32f4xx_hal_rcc.o(i.HAL_RCC_GetHCLKFreq)
    i.HAL_RCC_GetPCLK1Freq                   0x080007f4   Section        0  stm32f4xx_hal_rcc.o(i.HAL_RCC_GetPCLK1Freq)
    i.HAL_RCC_GetPCLK2Freq                   0x08000814   Section        0  stm32f4xx_hal_rcc.o(i.HAL_RCC_GetPCLK2Freq)
    i.HAL_RCC_GetSysClockFreq                0x08000834   Section        0  stm32f4xx_hal_rcc.o(i.HAL_RCC_GetSysClockFreq)
    i.HAL_RCC_OscConfig                      0x080008a0   Section        0  stm32f4xx_hal_rcc.o(i.HAL_RCC_OscConfig)
    i.HAL_RNG_GenerateRandomNumber           0x08000c60   Section        0  stm32f4xx_hal_rng.o(i.HAL_RNG_GenerateRandomNumber)
    i.HAL_RNG_Init                           0x08000cdc   Section        0  stm32f4xx_hal_rng.o(i.HAL_RNG_Init)
    i.HAL_RNG_MspInit                        0x08000d10   Section        0  rng.o(i.HAL_RNG_MspInit)
    i.HAL_SYSTICK_Config                     0x08000d38   Section        0  stm32f4xx_hal_cortex.o(i.HAL_SYSTICK_Config)
    i.HAL_UARTEx_RxEventCallback             0x08000d60   Section        0  stm32f4xx_hal_uart.o(i.HAL_UARTEx_RxEventCallback)
    i.HAL_UART_ErrorCallback                 0x08000d62   Section        0  stm32f4xx_hal_uart.o(i.HAL_UART_ErrorCallback)
    i.HAL_UART_IRQHandler                    0x08000d64   Section        0  stm32f4xx_hal_uart.o(i.HAL_UART_IRQHandler)
    i.HAL_UART_Init                          0x08000f8c   Section        0  stm32f4xx_hal_uart.o(i.HAL_UART_Init)
    i.HAL_UART_MspInit                       0x08000ff0   Section        0  usart.o(i.HAL_UART_MspInit)
    i.HAL_UART_RxCpltCallback                0x0800106c   Section        0  stm32f4xx_hal_uart.o(i.HAL_UART_RxCpltCallback)
    i.HAL_UART_Transmit                      0x0800106e   Section        0  stm32f4xx_hal_uart.o(i.HAL_UART_Transmit)
    i.HAL_UART_TxCpltCallback                0x0800112c   Section        0  stm32f4xx_hal_uart.o(i.HAL_UART_TxCpltCallback)
    i.HardFault_Handler                      0x0800112e   Section        0  stm32f4xx_it.o(i.HardFault_Handler)
    i.KeccakF1600_StatePermute               0x08001130   Section        0  fips202.o(i.KeccakF1600_StatePermute)
    KeccakF1600_StatePermute                 0x08001131   Thumb Code  4700  fips202.o(i.KeccakF1600_StatePermute)
    i.MX_GPIO_Init                           0x08002390   Section        0  gpio.o(i.MX_GPIO_Init)
    i.MX_RNG_Init                            0x080023bc   Section        0  rng.o(i.MX_RNG_Init)
    i.MX_USART1_UART_Init                    0x080023e0   Section        0  usart.o(i.MX_USART1_UART_Init)
    i.MemManage_Handler                      0x08002418   Section        0  stm32f4xx_it.o(i.MemManage_Handler)
    i.NMI_Handler                            0x0800241a   Section        0  stm32f4xx_it.o(i.NMI_Handler)
    i.PQCLEAN_KYBER768_CLEAN_barrett_reduce  0x0800241c   Section        0  reduce.o(i.PQCLEAN_KYBER768_CLEAN_barrett_reduce)
    i.PQCLEAN_KYBER768_CLEAN_basemul         0x08002436   Section        0  ntt.o(i.PQCLEAN_KYBER768_CLEAN_basemul)
    i.PQCLEAN_KYBER768_CLEAN_cmov            0x0800248e   Section        0  verify.o(i.PQCLEAN_KYBER768_CLEAN_cmov)
    i.PQCLEAN_KYBER768_CLEAN_crypto_kem_dec  0x080024ac   Section        0  kem.o(i.PQCLEAN_KYBER768_CLEAN_crypto_kem_dec)
    i.PQCLEAN_KYBER768_CLEAN_crypto_kem_enc  0x08002544   Section        0  kem.o(i.PQCLEAN_KYBER768_CLEAN_crypto_kem_enc)
    i.PQCLEAN_KYBER768_CLEAN_crypto_kem_keypair 0x080025a2   Section        0  kem.o(i.PQCLEAN_KYBER768_CLEAN_crypto_kem_keypair)
    i.PQCLEAN_KYBER768_CLEAN_gen_matrix      0x080025dc   Section        0  indcpa.o(i.PQCLEAN_KYBER768_CLEAN_gen_matrix)
    i.PQCLEAN_KYBER768_CLEAN_indcpa_dec      0x0800269c   Section        0  indcpa.o(i.PQCLEAN_KYBER768_CLEAN_indcpa_dec)
    i.PQCLEAN_KYBER768_CLEAN_indcpa_enc      0x080026fc   Section        0  indcpa.o(i.PQCLEAN_KYBER768_CLEAN_indcpa_enc)
    i.PQCLEAN_KYBER768_CLEAN_indcpa_keypair  0x080027fc   Section        0  indcpa.o(i.PQCLEAN_KYBER768_CLEAN_indcpa_keypair)
    i.PQCLEAN_KYBER768_CLEAN_invntt          0x080028d4   Section        0  ntt.o(i.PQCLEAN_KYBER768_CLEAN_invntt)
    i.PQCLEAN_KYBER768_CLEAN_kyber_shake128_absorb 0x0800295c   Section        0  symmetric-shake.o(i.PQCLEAN_KYBER768_CLEAN_kyber_shake128_absorb)
    i.PQCLEAN_KYBER768_CLEAN_kyber_shake256_prf 0x08002984   Section        0  symmetric-shake.o(i.PQCLEAN_KYBER768_CLEAN_kyber_shake256_prf)
    i.PQCLEAN_KYBER768_CLEAN_montgomery_reduce 0x080029ac   Section        0  reduce.o(i.PQCLEAN_KYBER768_CLEAN_montgomery_reduce)
    i.PQCLEAN_KYBER768_CLEAN_ntt             0x080029c4   Section        0  ntt.o(i.PQCLEAN_KYBER768_CLEAN_ntt)
    i.PQCLEAN_KYBER768_CLEAN_poly_add        0x08002a20   Section        0  poly.o(i.PQCLEAN_KYBER768_CLEAN_poly_add)
    i.PQCLEAN_KYBER768_CLEAN_poly_basemul_montgomery 0x08002a3c   Section        0  poly.o(i.PQCLEAN_KYBER768_CLEAN_poly_basemul_montgomery)
    i.PQCLEAN_KYBER768_CLEAN_poly_cbd_eta1   0x08002a94   Section        0  cbd.o(i.PQCLEAN_KYBER768_CLEAN_poly_cbd_eta1)
    i.PQCLEAN_KYBER768_CLEAN_poly_cbd_eta2   0x08002a98   Section        0  cbd.o(i.PQCLEAN_KYBER768_CLEAN_poly_cbd_eta2)
    i.PQCLEAN_KYBER768_CLEAN_poly_compress   0x08002a9c   Section        0  poly.o(i.PQCLEAN_KYBER768_CLEAN_poly_compress)
    i.PQCLEAN_KYBER768_CLEAN_poly_decompress 0x08002b10   Section        0  poly.o(i.PQCLEAN_KYBER768_CLEAN_poly_decompress)
    i.PQCLEAN_KYBER768_CLEAN_poly_frombytes  0x08002b4a   Section        0  poly.o(i.PQCLEAN_KYBER768_CLEAN_poly_frombytes)
    i.PQCLEAN_KYBER768_CLEAN_poly_frommsg    0x08002b80   Section        0  poly.o(i.PQCLEAN_KYBER768_CLEAN_poly_frommsg)
    i.PQCLEAN_KYBER768_CLEAN_poly_getnoise_eta1 0x08002bac   Section        0  poly.o(i.PQCLEAN_KYBER768_CLEAN_poly_getnoise_eta1)
    i.PQCLEAN_KYBER768_CLEAN_poly_getnoise_eta2 0x08002bca   Section        0  poly.o(i.PQCLEAN_KYBER768_CLEAN_poly_getnoise_eta2)
    i.PQCLEAN_KYBER768_CLEAN_poly_invntt_tomont 0x08002be8   Section        0  poly.o(i.PQCLEAN_KYBER768_CLEAN_poly_invntt_tomont)
    i.PQCLEAN_KYBER768_CLEAN_poly_ntt        0x08002bec   Section        0  poly.o(i.PQCLEAN_KYBER768_CLEAN_poly_ntt)
    i.PQCLEAN_KYBER768_CLEAN_poly_reduce     0x08002c00   Section        0  poly.o(i.PQCLEAN_KYBER768_CLEAN_poly_reduce)
    i.PQCLEAN_KYBER768_CLEAN_poly_sub        0x08002c1a   Section        0  poly.o(i.PQCLEAN_KYBER768_CLEAN_poly_sub)
    i.PQCLEAN_KYBER768_CLEAN_poly_tobytes    0x08002c34   Section        0  poly.o(i.PQCLEAN_KYBER768_CLEAN_poly_tobytes)
    i.PQCLEAN_KYBER768_CLEAN_poly_tomont     0x08002c78   Section        0  poly.o(i.PQCLEAN_KYBER768_CLEAN_poly_tomont)
    i.PQCLEAN_KYBER768_CLEAN_poly_tomsg      0x08002c9a   Section        0  poly.o(i.PQCLEAN_KYBER768_CLEAN_poly_tomsg)
    i.PQCLEAN_KYBER768_CLEAN_polyvec_add     0x08002ce6   Section        0  polyvec.o(i.PQCLEAN_KYBER768_CLEAN_polyvec_add)
    i.PQCLEAN_KYBER768_CLEAN_polyvec_basemul_acc_montgomery 0x08002d0c   Section        0  polyvec.o(i.PQCLEAN_KYBER768_CLEAN_polyvec_basemul_acc_montgomery)
    i.PQCLEAN_KYBER768_CLEAN_polyvec_compress 0x08002d4e   Section        0  polyvec.o(i.PQCLEAN_KYBER768_CLEAN_polyvec_compress)
    i.PQCLEAN_KYBER768_CLEAN_polyvec_decompress 0x08002dd8   Section        0  polyvec.o(i.PQCLEAN_KYBER768_CLEAN_polyvec_decompress)
    i.PQCLEAN_KYBER768_CLEAN_polyvec_frombytes 0x08002e4a   Section        0  polyvec.o(i.PQCLEAN_KYBER768_CLEAN_polyvec_frombytes)
    i.PQCLEAN_KYBER768_CLEAN_polyvec_invntt_tomont 0x08002e6a   Section        0  polyvec.o(i.PQCLEAN_KYBER768_CLEAN_polyvec_invntt_tomont)
    i.PQCLEAN_KYBER768_CLEAN_polyvec_ntt     0x08002e80   Section        0  polyvec.o(i.PQCLEAN_KYBER768_CLEAN_polyvec_ntt)
    i.PQCLEAN_KYBER768_CLEAN_polyvec_reduce  0x08002e96   Section        0  polyvec.o(i.PQCLEAN_KYBER768_CLEAN_polyvec_reduce)
    i.PQCLEAN_KYBER768_CLEAN_polyvec_tobytes 0x08002eac   Section        0  polyvec.o(i.PQCLEAN_KYBER768_CLEAN_polyvec_tobytes)
    i.PQCLEAN_KYBER768_CLEAN_verify          0x08002ecc   Section        0  verify.o(i.PQCLEAN_KYBER768_CLEAN_verify)
    i.PQCLEAN_randombytes                    0x08002ef0   Section        0  randombytes.o(i.PQCLEAN_randombytes)
    i.PendSV_Handler                         0x08002f20   Section        0  stm32f4xx_it.o(i.PendSV_Handler)
    i.SVC_Handler                            0x08002f22   Section        0  stm32f4xx_it.o(i.SVC_Handler)
    i.SysTick_Handler                        0x08002f24   Section        0  stm32f4xx_it.o(i.SysTick_Handler)
    i.SystemClock_Config                     0x08002f28   Section        0  main.o(i.SystemClock_Config)
    i.SystemInit                             0x08002fb4   Section        0  system_stm32f4xx.o(i.SystemInit)
    i.UART_DMAAbortOnError                   0x08002fc4   Section        0  stm32f4xx_hal_uart.o(i.UART_DMAAbortOnError)
    UART_DMAAbortOnError                     0x08002fc5   Thumb Code    16  stm32f4xx_hal_uart.o(i.UART_DMAAbortOnError)
    i.UART_EndRxTransfer                     0x08002fd4   Section        0  stm32f4xx_hal_uart.o(i.UART_EndRxTransfer)
    UART_EndRxTransfer                       0x08002fd5   Thumb Code    78  stm32f4xx_hal_uart.o(i.UART_EndRxTransfer)
    i.UART_EndTransmit_IT                    0x08003022   Section        0  stm32f4xx_hal_uart.o(i.UART_EndTransmit_IT)
    UART_EndTransmit_IT                      0x08003023   Thumb Code    26  stm32f4xx_hal_uart.o(i.UART_EndTransmit_IT)
    i.UART_Receive_IT                        0x0800303c   Section        0  stm32f4xx_hal_uart.o(i.UART_Receive_IT)
    UART_Receive_IT                          0x0800303d   Thumb Code   198  stm32f4xx_hal_uart.o(i.UART_Receive_IT)
    i.UART_SetConfig                         0x08003104   Section        0  stm32f4xx_hal_uart.o(i.UART_SetConfig)
    UART_SetConfig                           0x08003105   Thumb Code   266  stm32f4xx_hal_uart.o(i.UART_SetConfig)
    i.UART_Transmit_IT                       0x08003218   Section        0  stm32f4xx_hal_uart.o(i.UART_Transmit_IT)
    UART_Transmit_IT                         0x08003219   Thumb Code    94  stm32f4xx_hal_uart.o(i.UART_Transmit_IT)
    i.UART_WaitOnFlagUntilTimeout            0x08003276   Section        0  stm32f4xx_hal_uart.o(i.UART_WaitOnFlagUntilTimeout)
    UART_WaitOnFlagUntilTimeout              0x08003277   Thumb Code   116  stm32f4xx_hal_uart.o(i.UART_WaitOnFlagUntilTimeout)
    i.USART1_IRQHandler                      0x080032ec   Section        0  stm32f4xx_it.o(i.USART1_IRQHandler)
    i.UsageFault_Handler                     0x080032f8   Section        0  stm32f4xx_it.o(i.UsageFault_Handler)
    i.__0printf$8                            0x080032fc   Section        0  printf8.o(i.__0printf$8)
    i.__NVIC_SetPriority                     0x0800331c   Section        0  stm32f4xx_hal_cortex.o(i.__NVIC_SetPriority)
    __NVIC_SetPriority                       0x0800331d   Thumb Code    32  stm32f4xx_hal_cortex.o(i.__NVIC_SetPriority)
    i.__scatterload_copy                     0x0800333c   Section       14  handlers.o(i.__scatterload_copy)
    i.__scatterload_null                     0x0800334a   Section        2  handlers.o(i.__scatterload_null)
    i.__scatterload_zeroinit                 0x0800334c   Section       14  handlers.o(i.__scatterload_zeroinit)
    i._printf_core                           0x0800335c   Section        0  printf8.o(i._printf_core)
    _printf_core                             0x0800335d   Thumb Code   996  printf8.o(i._printf_core)
    i._printf_post_padding                   0x0800376c   Section        0  printf8.o(i._printf_post_padding)
    _printf_post_padding                     0x0800376d   Thumb Code    36  printf8.o(i._printf_post_padding)
    i._printf_pre_padding                    0x08003790   Section        0  printf8.o(i._printf_pre_padding)
    _printf_pre_padding                      0x08003791   Thumb Code    46  printf8.o(i._printf_pre_padding)
    i.cbd2                                   0x080037be   Section        0  cbd.o(i.cbd2)
    cbd2                                     0x080037bf   Thumb Code    84  cbd.o(i.cbd2)
    i.exit                                   0x08003814   Section        0  aes.o(i.exit)
    i.fputc                                  0x08003824   Section        0  stm32f4xx_hal.o(i.fputc)
    i.fqmul                                  0x0800383c   Section        0  ntt.o(i.fqmul)
    fqmul                                    0x0800383d   Thumb Code     6  ntt.o(i.fqmul)
    i.free                                   0x08003844   Section        0  malloc.o(i.free)
    i.generate_and_display_keys              0x08003894   Section        0  main.o(i.generate_and_display_keys)
    i.keccak_absorb                          0x080039cc   Section        0  fips202.o(i.keccak_absorb)
    keccak_absorb                            0x080039cd   Thumb Code   174  fips202.o(i.keccak_absorb)
    i.keccak_squeezeblocks                   0x08003a7a   Section        0  fips202.o(i.keccak_squeezeblocks)
    keccak_squeezeblocks                     0x08003a7b   Thumb Code    58  fips202.o(i.keccak_squeezeblocks)
    i.load32_littleendian                    0x08003ab4   Section        0  cbd.o(i.load32_littleendian)
    load32_littleendian                      0x08003ab5   Thumb Code    22  cbd.o(i.load32_littleendian)
    i.load64                                 0x08003aca   Section        0  fips202.o(i.load64)
    load64                                   0x08003acb   Thumb Code    42  fips202.o(i.load64)
    i.main                                   0x08003af4   Section        0  main.o(i.main)
    i.malloc                                 0x08003b24   Section        0  malloc.o(i.malloc)
    i.pack_ciphertext                        0x08003b90   Section        0  indcpa.o(i.pack_ciphertext)
    pack_ciphertext                          0x08003b91   Thumb Code    26  indcpa.o(i.pack_ciphertext)
    i.pack_pk                                0x08003baa   Section        0  indcpa.o(i.pack_pk)
    pack_pk                                  0x08003bab   Thumb Code    30  indcpa.o(i.pack_pk)
    i.pack_sk                                0x08003bc8   Section        0  indcpa.o(i.pack_sk)
    pack_sk                                  0x08003bc9   Thumb Code     4  indcpa.o(i.pack_sk)
    i.rej_uniform                            0x08003bcc   Section        0  indcpa.o(i.rej_uniform)
    rej_uniform                              0x08003bcd   Thumb Code    82  indcpa.o(i.rej_uniform)
    i.sha3_256                               0x08003c1e   Section        0  fips202.o(i.sha3_256)
    i.sha3_512                               0x08003c52   Section        0  fips202.o(i.sha3_512)
    i.shake128_absorb                        0x08003c86   Section        0  fips202.o(i.shake128_absorb)
    i.shake128_ctx_release                   0x08003cae   Section        0  fips202.o(i.shake128_ctx_release)
    i.shake128_squeezeblocks                 0x08003cb4   Section        0  fips202.o(i.shake128_squeezeblocks)
    i.shake256                               0x08003cbc   Section        0  fips202.o(i.shake256)
    i.shake256_absorb                        0x08003d18   Section        0  fips202.o(i.shake256_absorb)
    i.shake256_ctx_release                   0x08003d40   Section        0  fips202.o(i.shake256_ctx_release)
    i.shake256_squeezeblocks                 0x08003d46   Section        0  fips202.o(i.shake256_squeezeblocks)
    i.store64                                0x08003d4e   Section        0  fips202.o(i.store64)
    store64                                  0x08003d4f   Thumb Code    34  fips202.o(i.store64)
    i.unpack_ciphertext                      0x08003d70   Section        0  indcpa.o(i.unpack_ciphertext)
    unpack_ciphertext                        0x08003d71   Thumb Code    26  indcpa.o(i.unpack_ciphertext)
    i.unpack_pk                              0x08003d8a   Section        0  indcpa.o(i.unpack_pk)
    unpack_pk                                0x08003d8b   Thumb Code    30  indcpa.o(i.unpack_pk)
    i.unpack_sk                              0x08003da8   Section        0  indcpa.o(i.unpack_sk)
    unpack_sk                                0x08003da9   Thumb Code     4  indcpa.o(i.unpack_sk)
    .constdata                               0x08003dac   Section      256  ntt.o(.constdata)
    .constdata                               0x08003eb0   Section      192  fips202.o(.constdata)
    KeccakF_RoundConstants                   0x08003eb0   Data         192  fips202.o(.constdata)
    .constdata                               0x08003f70   Section       16  system_stm32f4xx.o(.constdata)
    .constdata                               0x08003f80   Section        8  system_stm32f4xx.o(.constdata)
    .data                                    0x20000000   Section       12  stm32f4xx_hal.o(.data)
    .data                                    0x2000000c   Section        4  system_stm32f4xx.o(.data)
    .data                                    0x20000010   Section        4  stdout.o(.data)
    .data                                    0x20000014   Section        4  mvars.o(.data)
    .data                                    0x20000018   Section        4  mvars.o(.data)
    .bss                                     0x2000001c   Section       16  rng.o(.bss)
    .bss                                     0x2000002c   Section       68  usart.o(.bss)
    HEAP                                     0x20000070   Section     8192  startup_stm32f407xx.o(HEAP)
    STACK                                    0x20002070   Section    16384  startup_stm32f407xx.o(STACK)

    Global Symbols

    Symbol Name                              Value     Ov Type        Size  Object(Section)

    BuildAttributes$$THM_ISAv4$E$P$D$K$B$S$7EM$VFPi3$EXTD16$VFPS$VFMA$PE$A:L22UL41UL21$X:L11$S22US41US21$IEEE1$IW$USESV6$~STKCKD$USESV7$~SHL$OSPACE$ROPI$EBA8$MICROLIB$REQ8$PRES8$EABIv2 0x00000000   Number         0  anon$$obj.o ABSOLUTE
    __ARM_use_no_argv                        0x00000000   Number         0  main.o ABSOLUTE
    _printf_a                                0x00000000   Number         0  stubs.o ABSOLUTE
    _printf_c                                0x00000000   Number         0  stubs.o ABSOLUTE
    _printf_charcount                        0x00000000   Number         0  stubs.o ABSOLUTE
    _printf_d                                0x00000000   Number         0  stubs.o ABSOLUTE
    _printf_e                                0x00000000   Number         0  stubs.o ABSOLUTE
    _printf_f                                0x00000000   Number         0  stubs.o ABSOLUTE
    _printf_flags                            0x00000000   Number         0  stubs.o ABSOLUTE
    _printf_fp_dec                           0x00000000   Number         0  stubs.o ABSOLUTE
    _printf_fp_hex                           0x00000000   Number         0  stubs.o ABSOLUTE
    _printf_g                                0x00000000   Number         0  stubs.o ABSOLUTE
    _printf_i                                0x00000000   Number         0  stubs.o ABSOLUTE
    _printf_int_dec                          0x00000000   Number         0  stubs.o ABSOLUTE
    _printf_l                                0x00000000   Number         0  stubs.o ABSOLUTE
    _printf_lc                               0x00000000   Number         0  stubs.o ABSOLUTE
    _printf_ll                               0x00000000   Number         0  stubs.o ABSOLUTE
    _printf_lld                              0x00000000   Number         0  stubs.o ABSOLUTE
    _printf_lli                              0x00000000   Number         0  stubs.o ABSOLUTE
    _printf_llo                              0x00000000   Number         0  stubs.o ABSOLUTE
    _printf_llu                              0x00000000   Number         0  stubs.o ABSOLUTE
    _printf_llx                              0x00000000   Number         0  stubs.o ABSOLUTE
    _printf_longlong_dec                     0x00000000   Number         0  stubs.o ABSOLUTE
    _printf_longlong_hex                     0x00000000   Number         0  stubs.o ABSOLUTE
    _printf_longlong_oct                     0x00000000   Number         0  stubs.o ABSOLUTE
    _printf_ls                               0x00000000   Number         0  stubs.o ABSOLUTE
    _printf_mbtowc                           0x00000000   Number         0  stubs.o ABSOLUTE
    _printf_n                                0x00000000   Number         0  stubs.o ABSOLUTE
    _printf_o                                0x00000000   Number         0  stubs.o ABSOLUTE
    _printf_p                                0x00000000   Number         0  stubs.o ABSOLUTE
    _printf_percent                          0x00000000   Number         0  stubs.o ABSOLUTE
    _printf_pre_padding                      0x00000000   Number         0  stubs.o ABSOLUTE
    _printf_return_value                     0x00000000   Number         0  stubs.o ABSOLUTE
    _printf_s                                0x00000000   Number         0  stubs.o ABSOLUTE
    _printf_sizespec                         0x00000000   Number         0  stubs.o ABSOLUTE
    _printf_str                              0x00000000   Number         0  stubs.o ABSOLUTE
    _printf_truncate_signed                  0x00000000   Number         0  stubs.o ABSOLUTE
    _printf_truncate_unsigned                0x00000000   Number         0  stubs.o ABSOLUTE
    _printf_u                                0x00000000   Number         0  stubs.o ABSOLUTE
    _printf_wc                               0x00000000   Number         0  stubs.o ABSOLUTE
    _printf_wctomb                           0x00000000   Number         0  stubs.o ABSOLUTE
    _printf_widthprec                        0x00000000   Number         0  stubs.o ABSOLUTE
    _printf_x                                0x00000000   Number         0  stubs.o ABSOLUTE
    __cpp_initialize__aeabi_                  - Undefined Weak Reference
    __cxa_finalize                            - Undefined Weak Reference
    __decompress                              - Undefined Weak Reference
    _clock_init                               - Undefined Weak Reference
    _microlib_exit                            - Undefined Weak Reference
    __Vectors_Size                           0x00000188   Number         0  startup_stm32f407xx.o ABSOLUTE
    __Vectors                                0x08000000   Data           4  startup_stm32f407xx.o(RESET)
    __Vectors_End                            0x08000188   Data           0  startup_stm32f407xx.o(RESET)
    __main                                   0x08000189   Thumb Code     0  entry.o(.ARM.Collect$$$$00000000)
    _main_stk                                0x08000189   Thumb Code     0  entry2.o(.ARM.Collect$$$$00000001)
    _main_scatterload                        0x0800018d   Thumb Code     0  entry5.o(.ARM.Collect$$$$00000004)
    __main_after_scatterload                 0x08000191   Thumb Code     0  entry5.o(.ARM.Collect$$$$00000004)
    _main_clock                              0x08000191   Thumb Code     0  entry7b.o(.ARM.Collect$$$$00000008)
    _main_cpp_init                           0x08000191   Thumb Code     0  entry8b.o(.ARM.Collect$$$$0000000A)
    _main_init                               0x08000191   Thumb Code     0  entry9a.o(.ARM.Collect$$$$0000000B)
    __rt_final_cpp                           0x08000199   Thumb Code     0  entry10a.o(.ARM.Collect$$$$0000000D)
    __rt_final_exit                          0x08000199   Thumb Code     0  entry11a.o(.ARM.Collect$$$$0000000F)
    Reset_Handler                            0x0800019d   Thumb Code     8  startup_stm32f407xx.o(.text)
    ADC_IRQHandler                           0x080001b7   Thumb Code     0  startup_stm32f407xx.o(.text)
    CAN1_RX0_IRQHandler                      0x080001b7   Thumb Code     0  startup_stm32f407xx.o(.text)
    CAN1_RX1_IRQHandler                      0x080001b7   Thumb Code     0  startup_stm32f407xx.o(.text)
    CAN1_SCE_IRQHandler                      0x080001b7   Thumb Code     0  startup_stm32f407xx.o(.text)
    CAN1_TX_IRQHandler                       0x080001b7   Thumb Code     0  startup_stm32f407xx.o(.text)
    CAN2_RX0_IRQHandler                      0x080001b7   Thumb Code     0  startup_stm32f407xx.o(.text)
    CAN2_RX1_IRQHandler                      0x080001b7   Thumb Code     0  startup_stm32f407xx.o(.text)
    CAN2_SCE_IRQHandler                      0x080001b7   Thumb Code     0  startup_stm32f407xx.o(.text)
    CAN2_TX_IRQHandler                       0x080001b7   Thumb Code     0  startup_stm32f407xx.o(.text)
    DCMI_IRQHandler                          0x080001b7   Thumb Code     0  startup_stm32f407xx.o(.text)
    DMA1_Stream0_IRQHandler                  0x080001b7   Thumb Code     0  startup_stm32f407xx.o(.text)
    DMA1_Stream1_IRQHandler                  0x080001b7   Thumb Code     0  startup_stm32f407xx.o(.text)
    DMA1_Stream2_IRQHandler                  0x080001b7   Thumb Code     0  startup_stm32f407xx.o(.text)
    DMA1_Stream3_IRQHandler                  0x080001b7   Thumb Code     0  startup_stm32f407xx.o(.text)
    DMA1_Stream4_IRQHandler                  0x080001b7   Thumb Code     0  startup_stm32f407xx.o(.text)
    DMA1_Stream5_IRQHandler                  0x080001b7   Thumb Code     0  startup_stm32f407xx.o(.text)
    DMA1_Stream6_IRQHandler                  0x080001b7   Thumb Code     0  startup_stm32f407xx.o(.text)
    DMA1_Stream7_IRQHandler                  0x080001b7   Thumb Code     0  startup_stm32f407xx.o(.text)
    DMA2_Stream0_IRQHandler                  0x080001b7   Thumb Code     0  startup_stm32f407xx.o(.text)
    DMA2_Stream1_IRQHandler                  0x080001b7   Thumb Code     0  startup_stm32f407xx.o(.text)
    DMA2_Stream2_IRQHandler                  0x080001b7   Thumb Code     0  startup_stm32f407xx.o(.text)
    DMA2_Stream3_IRQHandler                  0x080001b7   Thumb Code     0  startup_stm32f407xx.o(.text)
    DMA2_Stream4_IRQHandler                  0x080001b7   Thumb Code     0  startup_stm32f407xx.o(.text)
    DMA2_Stream5_IRQHandler                  0x080001b7   Thumb Code     0  startup_stm32f407xx.o(.text)
    DMA2_Stream6_IRQHandler                  0x080001b7   Thumb Code     0  startup_stm32f407xx.o(.text)
    DMA2_Stream7_IRQHandler                  0x080001b7   Thumb Code     0  startup_stm32f407xx.o(.text)
    ETH_IRQHandler                           0x080001b7   Thumb Code     0  startup_stm32f407xx.o(.text)
    ETH_WKUP_IRQHandler                      0x080001b7   Thumb Code     0  startup_stm32f407xx.o(.text)
    EXTI0_IRQHandler                         0x080001b7   Thumb Code     0  startup_stm32f407xx.o(.text)
    EXTI15_10_IRQHandler                     0x080001b7   Thumb Code     0  startup_stm32f407xx.o(.text)
    EXTI1_IRQHandler                         0x080001b7   Thumb Code     0  startup_stm32f407xx.o(.text)
    EXTI2_IRQHandler                         0x080001b7   Thumb Code     0  startup_stm32f407xx.o(.text)
    EXTI3_IRQHandler                         0x080001b7   Thumb Code     0  startup_stm32f407xx.o(.text)
    EXTI4_IRQHandler                         0x080001b7   Thumb Code     0  startup_stm32f407xx.o(.text)
    EXTI9_5_IRQHandler                       0x080001b7   Thumb Code     0  startup_stm32f407xx.o(.text)
    FLASH_IRQHandler                         0x080001b7   Thumb Code     0  startup_stm32f407xx.o(.text)
    FMC_IRQHandler                           0x080001b7   Thumb Code     0  startup_stm32f407xx.o(.text)
    FPU_IRQHandler                           0x080001b7   Thumb Code     0  startup_stm32f407xx.o(.text)
    HASH_RNG_IRQHandler                      0x080001b7   Thumb Code     0  startup_stm32f407xx.o(.text)
    I2C1_ER_IRQHandler                       0x080001b7   Thumb Code     0  startup_stm32f407xx.o(.text)
    I2C1_EV_IRQHandler                       0x080001b7   Thumb Code     0  startup_stm32f407xx.o(.text)
    I2C2_ER_IRQHandler                       0x080001b7   Thumb Code     0  startup_stm32f407xx.o(.text)
    I2C2_EV_IRQHandler                       0x080001b7   Thumb Code     0  startup_stm32f407xx.o(.text)
    I2C3_ER_IRQHandler                       0x080001b7   Thumb Code     0  startup_stm32f407xx.o(.text)
    I2C3_EV_IRQHandler                       0x080001b7   Thumb Code     0  startup_stm32f407xx.o(.text)
    OTG_FS_IRQHandler                        0x080001b7   Thumb Code     0  startup_stm32f407xx.o(.text)
    OTG_FS_WKUP_IRQHandler                   0x080001b7   Thumb Code     0  startup_stm32f407xx.o(.text)
    OTG_HS_EP1_IN_IRQHandler                 0x080001b7   Thumb Code     0  startup_stm32f407xx.o(.text)
    OTG_HS_EP1_OUT_IRQHandler                0x080001b7   Thumb Code     0  startup_stm32f407xx.o(.text)
    OTG_HS_IRQHandler                        0x080001b7   Thumb Code     0  startup_stm32f407xx.o(.text)
    OTG_HS_WKUP_IRQHandler                   0x080001b7   Thumb Code     0  startup_stm32f407xx.o(.text)
    PVD_IRQHandler                           0x080001b7   Thumb Code     0  startup_stm32f407xx.o(.text)
    RCC_IRQHandler                           0x080001b7   Thumb Code     0  startup_stm32f407xx.o(.text)
    RTC_Alarm_IRQHandler                     0x080001b7   Thumb Code     0  startup_stm32f407xx.o(.text)
    RTC_WKUP_IRQHandler                      0x080001b7   Thumb Code     0  startup_stm32f407xx.o(.text)
    SDIO_IRQHandler                          0x080001b7   Thumb Code     0  startup_stm32f407xx.o(.text)
    SPI1_IRQHandler                          0x080001b7   Thumb Code     0  startup_stm32f407xx.o(.text)
    SPI2_IRQHandler                          0x080001b7   Thumb Code     0  startup_stm32f407xx.o(.text)
    SPI3_IRQHandler                          0x080001b7   Thumb Code     0  startup_stm32f407xx.o(.text)
    TAMP_STAMP_IRQHandler                    0x080001b7   Thumb Code     0  startup_stm32f407xx.o(.text)
    TIM1_BRK_TIM9_IRQHandler                 0x080001b7   Thumb Code     0  startup_stm32f407xx.o(.text)
    TIM1_CC_IRQHandler                       0x080001b7   Thumb Code     0  startup_stm32f407xx.o(.text)
    TIM1_TRG_COM_TIM11_IRQHandler            0x080001b7   Thumb Code     0  startup_stm32f407xx.o(.text)
    TIM1_UP_TIM10_IRQHandler                 0x080001b7   Thumb Code     0  startup_stm32f407xx.o(.text)
    TIM2_IRQHandler                          0x080001b7   Thumb Code     0  startup_stm32f407xx.o(.text)
    TIM3_IRQHandler                          0x080001b7   Thumb Code     0  startup_stm32f407xx.o(.text)
    TIM4_IRQHandler                          0x080001b7   Thumb Code     0  startup_stm32f407xx.o(.text)
    TIM5_IRQHandler                          0x080001b7   Thumb Code     0  startup_stm32f407xx.o(.text)
    TIM6_DAC_IRQHandler                      0x080001b7   Thumb Code     0  startup_stm32f407xx.o(.text)
    TIM7_IRQHandler                          0x080001b7   Thumb Code     0  startup_stm32f407xx.o(.text)
    TIM8_BRK_TIM12_IRQHandler                0x080001b7   Thumb Code     0  startup_stm32f407xx.o(.text)
    TIM8_CC_IRQHandler                       0x080001b7   Thumb Code     0  startup_stm32f407xx.o(.text)
    TIM8_TRG_COM_TIM14_IRQHandler            0x080001b7   Thumb Code     0  startup_stm32f407xx.o(.text)
    TIM8_UP_TIM13_IRQHandler                 0x080001b7   Thumb Code     0  startup_stm32f407xx.o(.text)
    UART4_IRQHandler                         0x080001b7   Thumb Code     0  startup_stm32f407xx.o(.text)
    UART5_IRQHandler                         0x080001b7   Thumb Code     0  startup_stm32f407xx.o(.text)
    USART2_IRQHandler                        0x080001b7   Thumb Code     0  startup_stm32f407xx.o(.text)
    USART3_IRQHandler                        0x080001b7   Thumb Code     0  startup_stm32f407xx.o(.text)
    USART6_IRQHandler                        0x080001b7   Thumb Code     0  startup_stm32f407xx.o(.text)
    WWDG_IRQHandler                          0x080001b7   Thumb Code     0  startup_stm32f407xx.o(.text)
    __aeabi_uldivmod                         0x080001c1   Thumb Code    98  uldiv.o(.text)
    __aeabi_llsl                             0x08000223   Thumb Code    30  llshl.o(.text)
    _ll_shift_l                              0x08000223   Thumb Code     0  llshl.o(.text)
    __aeabi_llsr                             0x08000241   Thumb Code    32  llushr.o(.text)
    _ll_ushift_r                             0x08000241   Thumb Code     0  llushr.o(.text)
    __aeabi_memcpy                           0x08000261   Thumb Code    36  memcpya.o(.text)
    __aeabi_memcpy4                          0x08000261   Thumb Code     0  memcpya.o(.text)
    __aeabi_memcpy8                          0x08000261   Thumb Code     0  memcpya.o(.text)
    __aeabi_memset                           0x08000285   Thumb Code    14  memseta.o(.text)
    __aeabi_memset4                          0x08000285   Thumb Code     0  memseta.o(.text)
    __aeabi_memset8                          0x08000285   Thumb Code     0  memseta.o(.text)
    __aeabi_memclr                           0x08000293   Thumb Code     4  memseta.o(.text)
    __aeabi_memclr4                          0x08000293   Thumb Code     0  memseta.o(.text)
    __aeabi_memclr8                          0x08000293   Thumb Code     0  memseta.o(.text)
    _memset$wrapper                          0x08000297   Thumb Code    18  memseta.o(.text)
    __scatterload                            0x080002a9   Thumb Code    28  init.o(.text)
    __scatterload_rt2                        0x080002a9   Thumb Code     0  init.o(.text)
    BusFault_Handler                         0x080002cd   Thumb Code     2  stm32f4xx_it.o(i.BusFault_Handler)
    DebugMon_Handler                         0x080002cf   Thumb Code     2  stm32f4xx_it.o(i.DebugMon_Handler)
    Error_Handler                            0x080002d1   Thumb Code     4  main.o(i.Error_Handler)
    HAL_DMA_Abort                            0x080002d5   Thumb Code   142  stm32f4xx_hal_dma.o(i.HAL_DMA_Abort)
    HAL_DMA_Abort_IT                         0x08000363   Thumb Code    36  stm32f4xx_hal_dma.o(i.HAL_DMA_Abort_IT)
    HAL_GPIO_Init                            0x08000389   Thumb Code   420  stm32f4xx_hal_gpio.o(i.HAL_GPIO_Init)
    HAL_GetTick                              0x08000559   Thumb Code     6  stm32f4xx_hal.o(i.HAL_GetTick)
    HAL_IncTick                              0x08000565   Thumb Code    12  stm32f4xx_hal.o(i.HAL_IncTick)
    HAL_Init                                 0x08000575   Thumb Code    48  stm32f4xx_hal.o(i.HAL_Init)
    HAL_InitTick                             0x080005a9   Thumb Code    58  stm32f4xx_hal.o(i.HAL_InitTick)
    HAL_MspInit                              0x080005ed   Thumb Code    42  stm32f4xx_hal_msp.o(i.HAL_MspInit)
    HAL_NVIC_EnableIRQ                       0x0800061d   Thumb Code    26  stm32f4xx_hal_cortex.o(i.HAL_NVIC_EnableIRQ)
    HAL_NVIC_SetPriority                     0x08000639   Thumb Code    60  stm32f4xx_hal_cortex.o(i.HAL_NVIC_SetPriority)
    HAL_NVIC_SetPriorityGrouping             0x08000679   Thumb Code    26  stm32f4xx_hal_cortex.o(i.HAL_NVIC_SetPriorityGrouping)
    HAL_RCC_ClockConfig                      0x0800069d   Thumb Code   310  stm32f4xx_hal_rcc.o(i.HAL_RCC_ClockConfig)
    HAL_RCC_GetHCLKFreq                      0x080007e9   Thumb Code     6  stm32f4xx_hal_rcc.o(i.HAL_RCC_GetHCLKFreq)
    HAL_RCC_GetPCLK1Freq                     0x080007f5   Thumb Code    22  stm32f4xx_hal_rcc.o(i.HAL_RCC_GetPCLK1Freq)
    HAL_RCC_GetPCLK2Freq                     0x08000815   Thumb Code    22  stm32f4xx_hal_rcc.o(i.HAL_RCC_GetPCLK2Freq)
    HAL_RCC_GetSysClockFreq                  0x08000835   Thumb Code    94  stm32f4xx_hal_rcc.o(i.HAL_RCC_GetSysClockFreq)
    HAL_RCC_OscConfig                        0x080008a1   Thumb Code   942  stm32f4xx_hal_rcc.o(i.HAL_RCC_OscConfig)
    HAL_RNG_GenerateRandomNumber             0x08000c61   Thumb Code   124  stm32f4xx_hal_rng.o(i.HAL_RNG_GenerateRandomNumber)
    HAL_RNG_Init                             0x08000cdd   Thumb Code    52  stm32f4xx_hal_rng.o(i.HAL_RNG_Init)
    HAL_RNG_MspInit                          0x08000d11   Thumb Code    30  rng.o(i.HAL_RNG_MspInit)
    HAL_SYSTICK_Config                       0x08000d39   Thumb Code    40  stm32f4xx_hal_cortex.o(i.HAL_SYSTICK_Config)
    HAL_UARTEx_RxEventCallback               0x08000d61   Thumb Code     2  stm32f4xx_hal_uart.o(i.HAL_UARTEx_RxEventCallback)
    HAL_UART_ErrorCallback                   0x08000d63   Thumb Code     2  stm32f4xx_hal_uart.o(i.HAL_UART_ErrorCallback)
    HAL_UART_IRQHandler                      0x08000d65   Thumb Code   548  stm32f4xx_hal_uart.o(i.HAL_UART_IRQHandler)
    HAL_UART_Init                            0x08000f8d   Thumb Code   100  stm32f4xx_hal_uart.o(i.HAL_UART_Init)
    HAL_UART_MspInit                         0x08000ff1   Thumb Code   110  usart.o(i.HAL_UART_MspInit)
    HAL_UART_RxCpltCallback                  0x0800106d   Thumb Code     2  stm32f4xx_hal_uart.o(i.HAL_UART_RxCpltCallback)
    HAL_UART_Transmit                        0x0800106f   Thumb Code   190  stm32f4xx_hal_uart.o(i.HAL_UART_Transmit)
    HAL_UART_TxCpltCallback                  0x0800112d   Thumb Code     2  stm32f4xx_hal_uart.o(i.HAL_UART_TxCpltCallback)
    HardFault_Handler                        0x0800112f   Thumb Code     2  stm32f4xx_it.o(i.HardFault_Handler)
    MX_GPIO_Init                             0x08002391   Thumb Code    38  gpio.o(i.MX_GPIO_Init)
    MX_RNG_Init                              0x080023bd   Thumb Code    28  rng.o(i.MX_RNG_Init)
    MX_USART1_UART_Init                      0x080023e1   Thumb Code    48  usart.o(i.MX_USART1_UART_Init)
    MemManage_Handler                        0x08002419   Thumb Code     2  stm32f4xx_it.o(i.MemManage_Handler)
    NMI_Handler                              0x0800241b   Thumb Code     2  stm32f4xx_it.o(i.NMI_Handler)
    PQCLEAN_KYBER768_CLEAN_barrett_reduce    0x0800241d   Thumb Code    26  reduce.o(i.PQCLEAN_KYBER768_CLEAN_barrett_reduce)
    PQCLEAN_KYBER768_CLEAN_basemul           0x08002437   Thumb Code    88  ntt.o(i.PQCLEAN_KYBER768_CLEAN_basemul)
    PQCLEAN_KYBER768_CLEAN_cmov              0x0800248f   Thumb Code    30  verify.o(i.PQCLEAN_KYBER768_CLEAN_cmov)
    PQCLEAN_KYBER768_CLEAN_crypto_kem_dec    0x080024ad   Thumb Code   152  kem.o(i.PQCLEAN_KYBER768_CLEAN_crypto_kem_dec)
    PQCLEAN_KYBER768_CLEAN_crypto_kem_enc    0x08002545   Thumb Code    94  kem.o(i.PQCLEAN_KYBER768_CLEAN_crypto_kem_enc)
    PQCLEAN_KYBER768_CLEAN_crypto_kem_keypair 0x080025a3   Thumb Code    58  kem.o(i.PQCLEAN_KYBER768_CLEAN_crypto_kem_keypair)
    PQCLEAN_KYBER768_CLEAN_gen_matrix        0x080025dd   Thumb Code   192  indcpa.o(i.PQCLEAN_KYBER768_CLEAN_gen_matrix)
    PQCLEAN_KYBER768_CLEAN_indcpa_dec        0x0800269d   Thumb Code    96  indcpa.o(i.PQCLEAN_KYBER768_CLEAN_indcpa_dec)
    PQCLEAN_KYBER768_CLEAN_indcpa_enc        0x080026fd   Thumb Code   256  indcpa.o(i.PQCLEAN_KYBER768_CLEAN_indcpa_enc)
    PQCLEAN_KYBER768_CLEAN_indcpa_keypair    0x080027fd   Thumb Code   214  indcpa.o(i.PQCLEAN_KYBER768_CLEAN_indcpa_keypair)
    PQCLEAN_KYBER768_CLEAN_invntt            0x080028d5   Thumb Code   130  ntt.o(i.PQCLEAN_KYBER768_CLEAN_invntt)
    PQCLEAN_KYBER768_CLEAN_kyber_shake128_absorb 0x0800295d   Thumb Code    40  symmetric-shake.o(i.PQCLEAN_KYBER768_CLEAN_kyber_shake128_absorb)
    PQCLEAN_KYBER768_CLEAN_kyber_shake256_prf 0x08002985   Thumb Code    40  symmetric-shake.o(i.PQCLEAN_KYBER768_CLEAN_kyber_shake256_prf)
    PQCLEAN_KYBER768_CLEAN_montgomery_reduce 0x080029ad   Thumb Code    22  reduce.o(i.PQCLEAN_KYBER768_CLEAN_montgomery_reduce)
    PQCLEAN_KYBER768_CLEAN_ntt               0x080029c5   Thumb Code    86  ntt.o(i.PQCLEAN_KYBER768_CLEAN_ntt)
    PQCLEAN_KYBER768_CLEAN_poly_add          0x08002a21   Thumb Code    26  poly.o(i.PQCLEAN_KYBER768_CLEAN_poly_add)
    PQCLEAN_KYBER768_CLEAN_poly_basemul_montgomery 0x08002a3d   Thumb Code    84  poly.o(i.PQCLEAN_KYBER768_CLEAN_poly_basemul_montgomery)
    PQCLEAN_KYBER768_CLEAN_poly_cbd_eta1     0x08002a95   Thumb Code     4  cbd.o(i.PQCLEAN_KYBER768_CLEAN_poly_cbd_eta1)
    PQCLEAN_KYBER768_CLEAN_poly_cbd_eta2     0x08002a99   Thumb Code     4  cbd.o(i.PQCLEAN_KYBER768_CLEAN_poly_cbd_eta2)
    PQCLEAN_KYBER768_CLEAN_poly_compress     0x08002a9d   Thumb Code   116  poly.o(i.PQCLEAN_KYBER768_CLEAN_poly_compress)
    PQCLEAN_KYBER768_CLEAN_poly_decompress   0x08002b11   Thumb Code    58  poly.o(i.PQCLEAN_KYBER768_CLEAN_poly_decompress)
    PQCLEAN_KYBER768_CLEAN_poly_frombytes    0x08002b4b   Thumb Code    54  poly.o(i.PQCLEAN_KYBER768_CLEAN_poly_frombytes)
    PQCLEAN_KYBER768_CLEAN_poly_frommsg      0x08002b81   Thumb Code    44  poly.o(i.PQCLEAN_KYBER768_CLEAN_poly_frommsg)
    PQCLEAN_KYBER768_CLEAN_poly_getnoise_eta1 0x08002bad   Thumb Code    30  poly.o(i.PQCLEAN_KYBER768_CLEAN_poly_getnoise_eta1)
    PQCLEAN_KYBER768_CLEAN_poly_getnoise_eta2 0x08002bcb   Thumb Code    30  poly.o(i.PQCLEAN_KYBER768_CLEAN_poly_getnoise_eta2)
    PQCLEAN_KYBER768_CLEAN_poly_invntt_tomont 0x08002be9   Thumb Code     4  poly.o(i.PQCLEAN_KYBER768_CLEAN_poly_invntt_tomont)
    PQCLEAN_KYBER768_CLEAN_poly_ntt          0x08002bed   Thumb Code    20  poly.o(i.PQCLEAN_KYBER768_CLEAN_poly_ntt)
    PQCLEAN_KYBER768_CLEAN_poly_reduce       0x08002c01   Thumb Code    26  poly.o(i.PQCLEAN_KYBER768_CLEAN_poly_reduce)
    PQCLEAN_KYBER768_CLEAN_poly_sub          0x08002c1b   Thumb Code    26  poly.o(i.PQCLEAN_KYBER768_CLEAN_poly_sub)
    PQCLEAN_KYBER768_CLEAN_poly_tobytes      0x08002c35   Thumb Code    68  poly.o(i.PQCLEAN_KYBER768_CLEAN_poly_tobytes)
    PQCLEAN_KYBER768_CLEAN_poly_tomont       0x08002c79   Thumb Code    34  poly.o(i.PQCLEAN_KYBER768_CLEAN_poly_tomont)
    PQCLEAN_KYBER768_CLEAN_poly_tomsg        0x08002c9b   Thumb Code    76  poly.o(i.PQCLEAN_KYBER768_CLEAN_poly_tomsg)
    PQCLEAN_KYBER768_CLEAN_polyvec_add       0x08002ce7   Thumb Code    38  polyvec.o(i.PQCLEAN_KYBER768_CLEAN_polyvec_add)
    PQCLEAN_KYBER768_CLEAN_polyvec_basemul_acc_montgomery 0x08002d0d   Thumb Code    66  polyvec.o(i.PQCLEAN_KYBER768_CLEAN_polyvec_basemul_acc_montgomery)
    PQCLEAN_KYBER768_CLEAN_polyvec_compress  0x08002d4f   Thumb Code   138  polyvec.o(i.PQCLEAN_KYBER768_CLEAN_polyvec_compress)
    PQCLEAN_KYBER768_CLEAN_polyvec_decompress 0x08002dd9   Thumb Code   114  polyvec.o(i.PQCLEAN_KYBER768_CLEAN_polyvec_decompress)
    PQCLEAN_KYBER768_CLEAN_polyvec_frombytes 0x08002e4b   Thumb Code    32  polyvec.o(i.PQCLEAN_KYBER768_CLEAN_polyvec_frombytes)
    PQCLEAN_KYBER768_CLEAN_polyvec_invntt_tomont 0x08002e6b   Thumb Code    22  polyvec.o(i.PQCLEAN_KYBER768_CLEAN_polyvec_invntt_tomont)
    PQCLEAN_KYBER768_CLEAN_polyvec_ntt       0x08002e81   Thumb Code    22  polyvec.o(i.PQCLEAN_KYBER768_CLEAN_polyvec_ntt)
    PQCLEAN_KYBER768_CLEAN_polyvec_reduce    0x08002e97   Thumb Code    22  polyvec.o(i.PQCLEAN_KYBER768_CLEAN_polyvec_reduce)
    PQCLEAN_KYBER768_CLEAN_polyvec_tobytes   0x08002ead   Thumb Code    32  polyvec.o(i.PQCLEAN_KYBER768_CLEAN_polyvec_tobytes)
    PQCLEAN_KYBER768_CLEAN_verify            0x08002ecd   Thumb Code    36  verify.o(i.PQCLEAN_KYBER768_CLEAN_verify)
    PQCLEAN_randombytes                      0x08002ef1   Thumb Code    44  randombytes.o(i.PQCLEAN_randombytes)
    PendSV_Handler                           0x08002f21   Thumb Code     2  stm32f4xx_it.o(i.PendSV_Handler)
    SVC_Handler                              0x08002f23   Thumb Code     2  stm32f4xx_it.o(i.SVC_Handler)
    SysTick_Handler                          0x08002f25   Thumb Code     4  stm32f4xx_it.o(i.SysTick_Handler)
    SystemClock_Config                       0x08002f29   Thumb Code   130  main.o(i.SystemClock_Config)
    SystemInit                               0x08002fb5   Thumb Code    12  system_stm32f4xx.o(i.SystemInit)
    USART1_IRQHandler                        0x080032ed   Thumb Code     6  stm32f4xx_it.o(i.USART1_IRQHandler)
    UsageFault_Handler                       0x080032f9   Thumb Code     2  stm32f4xx_it.o(i.UsageFault_Handler)
    __0printf$8                              0x080032fd   Thumb Code    22  printf8.o(i.__0printf$8)
    __1printf$8                              0x080032fd   Thumb Code     0  printf8.o(i.__0printf$8)
    __2printf                                0x080032fd   Thumb Code     0  printf8.o(i.__0printf$8)
    __scatterload_copy                       0x0800333d   Thumb Code    14  handlers.o(i.__scatterload_copy)
    __scatterload_null                       0x0800334b   Thumb Code     2  handlers.o(i.__scatterload_null)
    __scatterload_zeroinit                   0x0800334d   Thumb Code    14  handlers.o(i.__scatterload_zeroinit)
    exit                                     0x08003815   Thumb Code     8  aes.o(i.exit)
    fputc                                    0x08003825   Thumb Code    20  stm32f4xx_hal.o(i.fputc)
    free                                     0x08003845   Thumb Code    76  malloc.o(i.free)
    generate_and_display_keys                0x08003895   Thumb Code   218  main.o(i.generate_and_display_keys)
    main                                     0x08003af5   Thumb Code    32  main.o(i.main)
    malloc                                   0x08003b25   Thumb Code    92  malloc.o(i.malloc)
    sha3_256                                 0x08003c1f   Thumb Code    52  fips202.o(i.sha3_256)
    sha3_512                                 0x08003c53   Thumb Code    52  fips202.o(i.sha3_512)
    shake128_absorb                          0x08003c87   Thumb Code    40  fips202.o(i.shake128_absorb)
    shake128_ctx_release                     0x08003caf   Thumb Code     6  fips202.o(i.shake128_ctx_release)
    shake128_squeezeblocks                   0x08003cb5   Thumb Code     8  fips202.o(i.shake128_squeezeblocks)
    shake256                                 0x08003cbd   Thumb Code    92  fips202.o(i.shake256)
    shake256_absorb                          0x08003d19   Thumb Code    40  fips202.o(i.shake256_absorb)
    shake256_ctx_release                     0x08003d41   Thumb Code     6  fips202.o(i.shake256_ctx_release)
    shake256_squeezeblocks                   0x08003d47   Thumb Code     8  fips202.o(i.shake256_squeezeblocks)
    PQCLEAN_KYBER768_CLEAN_zetas             0x08003dac   Data         256  ntt.o(.constdata)
    AHBPrescTable                            0x08003f70   Data          16  system_stm32f4xx.o(.constdata)
    APBPrescTable                            0x08003f80   Data           8  system_stm32f4xx.o(.constdata)
    Region$$Table$$Base                      0x08003f88   Number         0  anon$$obj.o(Region$$Table)
    Region$$Table$$Limit                     0x08003fa8   Number         0  anon$$obj.o(Region$$Table)
    uwTickFreq                               0x20000000   Data           1  stm32f4xx_hal.o(.data)
    uwTickPrio                               0x20000004   Data           4  stm32f4xx_hal.o(.data)
    uwTick                                   0x20000008   Data           4  stm32f4xx_hal.o(.data)
    SystemCoreClock                          0x2000000c   Data           4  system_stm32f4xx.o(.data)
    __stdout                                 0x20000010   Data           4  stdout.o(.data)
    __microlib_freelist                      0x20000014   Data           4  mvars.o(.data)
    __microlib_freelist_initialised          0x20000018   Data           4  mvars.o(.data)
    hrng                                     0x2000001c   Data          16  rng.o(.bss)
    huart1                                   0x2000002c   Data          68  usart.o(.bss)
    __heap_base                              0x20000070   Data           0  startup_stm32f407xx.o(HEAP)
    __heap_limit                             0x20002070   Data           0  startup_stm32f407xx.o(HEAP)
    __initial_sp                             0x20006070   Data           0  startup_stm32f407xx.o(STACK)



==============================================================================

Memory Map of the image

  Image Entry point : 0x0800019d

  Load Region LR_1 (Base: 0x08000000, Size: 0x00003fc4, Max: 0xffffffff, ABSOLUTE)

    Execution Region ER_RO (Base: 0x08000000, Size: 0x00003fa8, Max: 0xffffffff, ABSOLUTE)

    Base Addr    Size         Type   Attr      Idx    E Section Name        Object

    0x08000000   0x00000188   Data   RO            3    RESET               startup_stm32f407xx.o
    0x08000188   0x00000000   Code   RO         3350  * .ARM.Collect$$$$00000000  mc_w.l(entry.o)
    0x08000188   0x00000004   Code   RO         3654    .ARM.Collect$$$$00000001  mc_w.l(entry2.o)
    0x0800018c   0x00000004   Code   RO         3657    .ARM.Collect$$$$00000004  mc_w.l(entry5.o)
    0x08000190   0x00000000   Code   RO         3659    .ARM.Collect$$$$00000008  mc_w.l(entry7b.o)
    0x08000190   0x00000000   Code   RO         3661    .ARM.Collect$$$$0000000A  mc_w.l(entry8b.o)
    0x08000190   0x00000008   Code   RO         3662    .ARM.Collect$$$$0000000B  mc_w.l(entry9a.o)
    0x08000198   0x00000000   Code   RO         3664    .ARM.Collect$$$$0000000D  mc_w.l(entry10a.o)
    0x08000198   0x00000000   Code   RO         3666    .ARM.Collect$$$$0000000F  mc_w.l(entry11a.o)
    0x08000198   0x00000004   Code   RO         3655    .ARM.Collect$$$$00002712  mc_w.l(entry2.o)
    0x0800019c   0x00000024   Code   RO            4  * .text               startup_stm32f407xx.o
    0x080001c0   0x00000062   Code   RO         3353    .text               mc_w.l(uldiv.o)
    0x08000222   0x0000001e   Code   RO         3355    .text               mc_w.l(llshl.o)
    0x08000240   0x00000020   Code   RO         3357    .text               mc_w.l(llushr.o)
    0x08000260   0x00000024   Code   RO         3359    .text               mc_w.l(memcpya.o)
    0x08000284   0x00000024   Code   RO         3361    .text               mc_w.l(memseta.o)
    0x080002a8   0x00000024   Code   RO         3684    .text               mc_w.l(init.o)
    0x080002cc   0x00000002   Code   RO          271    i.BusFault_Handler  stm32f4xx_it.o
    0x080002ce   0x00000002   Code   RO          272    i.DebugMon_Handler  stm32f4xx_it.o
    0x080002d0   0x00000004   Code   RO           13    i.Error_Handler     main.o
    0x080002d4   0x0000008e   Code   RO         2225    i.HAL_DMA_Abort     stm32f4xx_hal_dma.o
    0x08000362   0x00000024   Code   RO         2226    i.HAL_DMA_Abort_IT  stm32f4xx_hal_dma.o
    0x08000386   0x00000002   PAD
    0x08000388   0x000001d0   Code   RO         2118    i.HAL_GPIO_Init     stm32f4xx_hal_gpio.o
    0x08000558   0x0000000c   Code   RO         2650    i.HAL_GetTick       stm32f4xx_hal.o
    0x08000564   0x00000010   Code   RO         2656    i.HAL_IncTick       stm32f4xx_hal.o
    0x08000574   0x00000034   Code   RO         2657    i.HAL_Init          stm32f4xx_hal.o
    0x080005a8   0x00000044   Code   RO         2658    i.HAL_InitTick      stm32f4xx_hal.o
    0x080005ec   0x00000030   Code   RO          353    i.HAL_MspInit       stm32f4xx_hal_msp.o
    0x0800061c   0x0000001a   Code   RO         2507    i.HAL_NVIC_EnableIRQ  stm32f4xx_hal_cortex.o
    0x08000636   0x00000002   PAD
    0x08000638   0x00000040   Code   RO         2513    i.HAL_NVIC_SetPriority  stm32f4xx_hal_cortex.o
    0x08000678   0x00000024   Code   RO         2514    i.HAL_NVIC_SetPriorityGrouping  stm32f4xx_hal_cortex.o
    0x0800069c   0x0000014c   Code   RO         1719    i.HAL_RCC_ClockConfig  stm32f4xx_hal_rcc.o
    0x080007e8   0x0000000c   Code   RO         1724    i.HAL_RCC_GetHCLKFreq  stm32f4xx_hal_rcc.o
    0x080007f4   0x00000020   Code   RO         1726    i.HAL_RCC_GetPCLK1Freq  stm32f4xx_hal_rcc.o
    0x08000814   0x00000020   Code   RO         1727    i.HAL_RCC_GetPCLK2Freq  stm32f4xx_hal_rcc.o
    0x08000834   0x0000006c   Code   RO         1728    i.HAL_RCC_GetSysClockFreq  stm32f4xx_hal_rcc.o
    0x080008a0   0x000003c0   Code   RO         1731    i.HAL_RCC_OscConfig  stm32f4xx_hal_rcc.o
    0x08000c60   0x0000007c   Code   RO         1618    i.HAL_RNG_GenerateRandomNumber  stm32f4xx_hal_rng.o
    0x08000cdc   0x00000034   Code   RO         1625    i.HAL_RNG_Init      stm32f4xx_hal_rng.o
    0x08000d10   0x00000028   Code   RO          188    i.HAL_RNG_MspInit   rng.o
    0x08000d38   0x00000028   Code   RO         2518    i.HAL_SYSTICK_Config  stm32f4xx_hal_cortex.o
    0x08000d60   0x00000002   Code   RO         2959    i.HAL_UARTEx_RxEventCallback  stm32f4xx_hal_uart.o
    0x08000d62   0x00000002   Code   RO         2973    i.HAL_UART_ErrorCallback  stm32f4xx_hal_uart.o
    0x08000d64   0x00000228   Code   RO         2976    i.HAL_UART_IRQHandler  stm32f4xx_hal_uart.o
    0x08000f8c   0x00000064   Code   RO         2977    i.HAL_UART_Init     stm32f4xx_hal_uart.o
    0x08000ff0   0x0000007c   Code   RO          230    i.HAL_UART_MspInit  usart.o
    0x0800106c   0x00000002   Code   RO         2983    i.HAL_UART_RxCpltCallback  stm32f4xx_hal_uart.o
    0x0800106e   0x000000be   Code   RO         2985    i.HAL_UART_Transmit  stm32f4xx_hal_uart.o
    0x0800112c   0x00000002   Code   RO         2988    i.HAL_UART_TxCpltCallback  stm32f4xx_hal_uart.o
    0x0800112e   0x00000002   Code   RO          273    i.HardFault_Handler  stm32f4xx_it.o
    0x08001130   0x00001260   Code   RO          984    i.KeccakF1600_StatePermute  fips202.o
    0x08002390   0x0000002c   Code   RO          163    i.MX_GPIO_Init      gpio.o
    0x080023bc   0x00000024   Code   RO          189    i.MX_RNG_Init       rng.o
    0x080023e0   0x00000038   Code   RO          231    i.MX_USART1_UART_Init  usart.o
    0x08002418   0x00000002   Code   RO          274    i.MemManage_Handler  stm32f4xx_it.o
    0x0800241a   0x00000002   Code   RO          275    i.NMI_Handler       stm32f4xx_it.o
    0x0800241c   0x0000001a   Code   RO          719    i.PQCLEAN_KYBER768_CLEAN_barrett_reduce  reduce.o
    0x08002436   0x00000058   Code   RO          525    i.PQCLEAN_KYBER768_CLEAN_basemul  ntt.o
    0x0800248e   0x0000001e   Code   RO          758    i.PQCLEAN_KYBER768_CLEAN_cmov  verify.o
    0x080024ac   0x00000098   Code   RO          495    i.PQCLEAN_KYBER768_CLEAN_crypto_kem_dec  kem.o
    0x08002544   0x0000005e   Code   RO          496    i.PQCLEAN_KYBER768_CLEAN_crypto_kem_enc  kem.o
    0x080025a2   0x0000003a   Code   RO          497    i.PQCLEAN_KYBER768_CLEAN_crypto_kem_keypair  kem.o
    0x080025dc   0x000000c0   Code   RO          411    i.PQCLEAN_KYBER768_CLEAN_gen_matrix  indcpa.o
    0x0800269c   0x00000060   Code   RO          412    i.PQCLEAN_KYBER768_CLEAN_indcpa_dec  indcpa.o
    0x080026fc   0x00000100   Code   RO          413    i.PQCLEAN_KYBER768_CLEAN_indcpa_enc  indcpa.o
    0x080027fc   0x000000d6   Code   RO          414    i.PQCLEAN_KYBER768_CLEAN_indcpa_keypair  indcpa.o
    0x080028d2   0x00000002   PAD
    0x080028d4   0x00000088   Code   RO          526    i.PQCLEAN_KYBER768_CLEAN_invntt  ntt.o
    0x0800295c   0x00000028   Code   RO          737    i.PQCLEAN_KYBER768_CLEAN_kyber_shake128_absorb  symmetric-shake.o
    0x08002984   0x00000028   Code   RO          738    i.PQCLEAN_KYBER768_CLEAN_kyber_shake256_prf  symmetric-shake.o
    0x080029ac   0x00000016   Code   RO          720    i.PQCLEAN_KYBER768_CLEAN_montgomery_reduce  reduce.o
    0x080029c2   0x00000002   PAD
    0x080029c4   0x0000005c   Code   RO          527    i.PQCLEAN_KYBER768_CLEAN_ntt  ntt.o
    0x08002a20   0x0000001a   Code   RO          563    i.PQCLEAN_KYBER768_CLEAN_poly_add  poly.o
    0x08002a3a   0x00000002   PAD
    0x08002a3c   0x00000058   Code   RO          564    i.PQCLEAN_KYBER768_CLEAN_poly_basemul_montgomery  poly.o
    0x08002a94   0x00000004   Code   RO          374    i.PQCLEAN_KYBER768_CLEAN_poly_cbd_eta1  cbd.o
    0x08002a98   0x00000004   Code   RO          375    i.PQCLEAN_KYBER768_CLEAN_poly_cbd_eta2  cbd.o
    0x08002a9c   0x00000074   Code   RO          565    i.PQCLEAN_KYBER768_CLEAN_poly_compress  poly.o
    0x08002b10   0x0000003a   Code   RO          566    i.PQCLEAN_KYBER768_CLEAN_poly_decompress  poly.o
    0x08002b4a   0x00000036   Code   RO          567    i.PQCLEAN_KYBER768_CLEAN_poly_frombytes  poly.o
    0x08002b80   0x0000002c   Code   RO          568    i.PQCLEAN_KYBER768_CLEAN_poly_frommsg  poly.o
    0x08002bac   0x0000001e   Code   RO          569    i.PQCLEAN_KYBER768_CLEAN_poly_getnoise_eta1  poly.o
    0x08002bca   0x0000001e   Code   RO          570    i.PQCLEAN_KYBER768_CLEAN_poly_getnoise_eta2  poly.o
    0x08002be8   0x00000004   Code   RO          571    i.PQCLEAN_KYBER768_CLEAN_poly_invntt_tomont  poly.o
    0x08002bec   0x00000014   Code   RO          572    i.PQCLEAN_KYBER768_CLEAN_poly_ntt  poly.o
    0x08002c00   0x0000001a   Code   RO          573    i.PQCLEAN_KYBER768_CLEAN_poly_reduce  poly.o
    0x08002c1a   0x0000001a   Code   RO          574    i.PQCLEAN_KYBER768_CLEAN_poly_sub  poly.o
    0x08002c34   0x00000044   Code   RO          575    i.PQCLEAN_KYBER768_CLEAN_poly_tobytes  poly.o
    0x08002c78   0x00000022   Code   RO          576    i.PQCLEAN_KYBER768_CLEAN_poly_tomont  poly.o
    0x08002c9a   0x0000004c   Code   RO          577    i.PQCLEAN_KYBER768_CLEAN_poly_tomsg  poly.o
    0x08002ce6   0x00000026   Code   RO          659    i.PQCLEAN_KYBER768_CLEAN_polyvec_add  polyvec.o
    0x08002d0c   0x00000042   Code   RO          660    i.PQCLEAN_KYBER768_CLEAN_polyvec_basemul_acc_montgomery  polyvec.o
    0x08002d4e   0x0000008a   Code   RO          661    i.PQCLEAN_KYBER768_CLEAN_polyvec_compress  polyvec.o
    0x08002dd8   0x00000072   Code   RO          662    i.PQCLEAN_KYBER768_CLEAN_polyvec_decompress  polyvec.o
    0x08002e4a   0x00000020   Code   RO          663    i.PQCLEAN_KYBER768_CLEAN_polyvec_frombytes  polyvec.o
    0x08002e6a   0x00000016   Code   RO          664    i.PQCLEAN_KYBER768_CLEAN_polyvec_invntt_tomont  polyvec.o
    0x08002e80   0x00000016   Code   RO          665    i.PQCLEAN_KYBER768_CLEAN_polyvec_ntt  polyvec.o
    0x08002e96   0x00000016   Code   RO          666    i.PQCLEAN_KYBER768_CLEAN_polyvec_reduce  polyvec.o
    0x08002eac   0x00000020   Code   RO          667    i.PQCLEAN_KYBER768_CLEAN_polyvec_tobytes  polyvec.o
    0x08002ecc   0x00000024   Code   RO          759    i.PQCLEAN_KYBER768_CLEAN_verify  verify.o
    0x08002ef0   0x00000030   Code   RO         1309    i.PQCLEAN_randombytes  randombytes.o
    0x08002f20   0x00000002   Code   RO          276    i.PendSV_Handler    stm32f4xx_it.o
    0x08002f22   0x00000002   Code   RO          277    i.SVC_Handler       stm32f4xx_it.o
    0x08002f24   0x00000004   Code   RO          278    i.SysTick_Handler   stm32f4xx_it.o
    0x08002f28   0x0000008c   Code   RO           14    i.SystemClock_Config  main.o
    0x08002fb4   0x00000010   Code   RO         3316    i.SystemInit        system_stm32f4xx.o
    0x08002fc4   0x00000010   Code   RO         2990    i.UART_DMAAbortOnError  stm32f4xx_hal_uart.o
    0x08002fd4   0x0000004e   Code   RO         3000    i.UART_EndRxTransfer  stm32f4xx_hal_uart.o
    0x08003022   0x0000001a   Code   RO         3001    i.UART_EndTransmit_IT  stm32f4xx_hal_uart.o
    0x0800303c   0x000000c6   Code   RO         3003    i.UART_Receive_IT   stm32f4xx_hal_uart.o
    0x08003102   0x00000002   PAD
    0x08003104   0x00000114   Code   RO         3004    i.UART_SetConfig    stm32f4xx_hal_uart.o
    0x08003218   0x0000005e   Code   RO         3007    i.UART_Transmit_IT  stm32f4xx_hal_uart.o
    0x08003276   0x00000074   Code   RO         3008    i.UART_WaitOnFlagUntilTimeout  stm32f4xx_hal_uart.o
    0x080032ea   0x00000002   PAD
    0x080032ec   0x0000000c   Code   RO          279    i.USART1_IRQHandler  stm32f4xx_it.o
    0x080032f8   0x00000002   Code   RO          280    i.UsageFault_Handler  stm32f4xx_it.o
    0x080032fa   0x00000002   PAD
    0x080032fc   0x00000020   Code   RO         3572    i.__0printf$8       mc_w.l(printf8.o)
    0x0800331c   0x00000020   Code   RO         2520    i.__NVIC_SetPriority  stm32f4xx_hal_cortex.o
    0x0800333c   0x0000000e   Code   RO         3692    i.__scatterload_copy  mc_w.l(handlers.o)
    0x0800334a   0x00000002   Code   RO         3693    i.__scatterload_null  mc_w.l(handlers.o)
    0x0800334c   0x0000000e   Code   RO         3694    i.__scatterload_zeroinit  mc_w.l(handlers.o)
    0x0800335a   0x00000002   PAD
    0x0800335c   0x00000410   Code   RO         3579    i._printf_core      mc_w.l(printf8.o)
    0x0800376c   0x00000024   Code   RO         3580    i._printf_post_padding  mc_w.l(printf8.o)
    0x08003790   0x0000002e   Code   RO         3581    i._printf_pre_padding  mc_w.l(printf8.o)
    0x080037be   0x00000054   Code   RO          376    i.cbd2              cbd.o
    0x08003812   0x00000002   PAD
    0x08003814   0x00000010   Code   RO          805    i.exit              aes.o
    0x08003824   0x00000018   Code   RO         2665    i.fputc             stm32f4xx_hal.o
    0x0800383c   0x00000006   Code   RO          528    i.fqmul             ntt.o
    0x08003842   0x00000002   PAD
    0x08003844   0x00000050   Code   RO         3626    i.free              mc_w.l(malloc.o)
    0x08003894   0x00000138   Code   RO           15    i.generate_and_display_keys  main.o
    0x080039cc   0x000000ae   Code   RO          985    i.keccak_absorb     fips202.o
    0x08003a7a   0x0000003a   Code   RO          990    i.keccak_squeezeblocks  fips202.o
    0x08003ab4   0x00000016   Code   RO          377    i.load32_littleendian  cbd.o
    0x08003aca   0x0000002a   Code   RO          991    i.load64            fips202.o
    0x08003af4   0x00000030   Code   RO           16    i.main              main.o
    0x08003b24   0x0000006c   Code   RO         3627    i.malloc            mc_w.l(malloc.o)
    0x08003b90   0x0000001a   Code   RO          415    i.pack_ciphertext   indcpa.o
    0x08003baa   0x0000001e   Code   RO          416    i.pack_pk           indcpa.o
    0x08003bc8   0x00000004   Code   RO          417    i.pack_sk           indcpa.o
    0x08003bcc   0x00000052   Code   RO          418    i.rej_uniform       indcpa.o
    0x08003c1e   0x00000034   Code   RO          992    i.sha3_256          fips202.o
    0x08003c52   0x00000034   Code   RO         1004    i.sha3_512          fips202.o
    0x08003c86   0x00000028   Code   RO         1011    i.shake128_absorb   fips202.o
    0x08003cae   0x00000006   Code   RO         1013    i.shake128_ctx_release  fips202.o
    0x08003cb4   0x00000008   Code   RO         1020    i.shake128_squeezeblocks  fips202.o
    0x08003cbc   0x0000005c   Code   RO         1021    i.shake256          fips202.o
    0x08003d18   0x00000028   Code   RO         1022    i.shake256_absorb   fips202.o
    0x08003d40   0x00000006   Code   RO         1024    i.shake256_ctx_release  fips202.o
    0x08003d46   0x00000008   Code   RO         1031    i.shake256_squeezeblocks  fips202.o
    0x08003d4e   0x00000022   Code   RO         1032    i.store64           fips202.o
    0x08003d70   0x0000001a   Code   RO          419    i.unpack_ciphertext  indcpa.o
    0x08003d8a   0x0000001e   Code   RO          420    i.unpack_pk         indcpa.o
    0x08003da8   0x00000004   Code   RO          421    i.unpack_sk         indcpa.o
    0x08003dac   0x00000100   Data   RO          529    .constdata          ntt.o
    0x08003eac   0x00000004   PAD
    0x08003eb0   0x000000c0   Data   RO         1033    .constdata          fips202.o
    0x08003f70   0x00000010   Data   RO         3317    .constdata          system_stm32f4xx.o
    0x08003f80   0x00000008   Data   RO         3318    .constdata          system_stm32f4xx.o
    0x08003f88   0x00000020   Data   RO         3690    Region$$Table       anon$$obj.o


    Execution Region ER_RW (Base: 0x20000000, Size: 0x0000001c, Max: 0xffffffff, ABSOLUTE)

    Base Addr    Size         Type   Attr      Idx    E Section Name        Object

    0x20000000   0x0000000c   Data   RW         2666    .data               stm32f4xx_hal.o
    0x2000000c   0x00000004   Data   RW         3319    .data               system_stm32f4xx.o
    0x20000010   0x00000004   Data   RW         3668    .data               mc_w.l(stdout.o)
    0x20000014   0x00000004   Data   RW         3671    .data               mc_w.l(mvars.o)
    0x20000018   0x00000004   Data   RW         3672    .data               mc_w.l(mvars.o)


    Execution Region ER_ZI (Base: 0x2000001c, Size: 0x00006054, Max: 0xffffffff, ABSOLUTE)

    Base Addr    Size         Type   Attr      Idx    E Section Name        Object

    0x2000001c   0x00000010   Zero   RW          190    .bss                rng.o
    0x2000002c   0x00000044   Zero   RW          232    .bss                usart.o
    0x20000070   0x00002000   Zero   RW            2    HEAP                startup_stm32f407xx.o
    0x20002070   0x00004000   Zero   RW            1    STACK               startup_stm32f407xx.o


==============================================================================

Image component sizes


      Code (inc. data)   RO Data    RW Data    ZI Data      Debug   Object Name

        16          8          0          0          0        459   aes.o
       114          0          0          0          0       3186   cbd.o
      5316          4        192          0          0      12501   fips202.o
        44          6          0          0          0        787   gpio.o
       960          0          0          0          0      10948   indcpa.o
       304          0          0          0          0       2876   kem.o
       504        120          0          0          0     662520   main.o
       322         12        256          0          0       3533   ntt.o
       700          4          0          0          0      10361   poly.o
       486          0          0          0          0       6623   polyvec.o
        48          4          0          0          0       1158   randombytes.o
        48          0          0          0          0       1575   reduce.o
        76         18          0          0         16       1511   rng.o
        36          8        392          0      24576        832   startup_stm32f407xx.o
       172         28          0         12          0      10642   stm32f4xx_hal.o
       198         14          0          0          0      34007   stm32f4xx_hal_cortex.o
       178          0          0          0          0       1959   stm32f4xx_hal_dma.o
       464         44          0          0          0       1628   stm32f4xx_hal_gpio.o
        48          6          0          0          0        838   stm32f4xx_hal_msp.o
      1476         80          0          0          0       6276   stm32f4xx_hal_rcc.o
       176          0          0          0          0       1962   stm32f4xx_hal_rng.o
      1654         14          0          0          0      11532   stm32f4xx_hal_uart.o
        32          6          0          0          0       4594   stm32f4xx_it.o
        80          0          0          0          0       2015   symmetric-shake.o
        16          4         24          4          0       1115   system_stm32f4xx.o
       180         22          0          0         68       1686   usart.o
        66          0          0          0          0       1766   verify.o

    ----------------------------------------------------------------------
     13734        402        900         16      24660     798890   Object Totals
         0          0         32          0          0          0   (incl. Generated)
        20          0          4          0          0          0   (incl. Padding)

    ----------------------------------------------------------------------

      Code (inc. data)   RO Data    RW Data    ZI Data      Debug   Library Member Name

         0          0          0          0          0          0   entry.o
         0          0          0          0          0          0   entry10a.o
         0          0          0          0          0          0   entry11a.o
         8          4          0          0          0          0   entry2.o
         4          0          0          0          0          0   entry5.o
         0          0          0          0          0          0   entry7b.o
         0          0          0          0          0          0   entry8b.o
         8          4          0          0          0          0   entry9a.o
        30          0          0          0          0          0   handlers.o
        36          8          0          0          0         68   init.o
        30          0          0          0          0         68   llshl.o
        32          0          0          0          0         68   llushr.o
       188         20          0          0          0        160   malloc.o
        36          0          0          0          0         68   memcpya.o
        36          0          0          0          0        108   memseta.o
         0          0          0          8          0          0   mvars.o
      1154         54          0          0          0        352   printf8.o
         0          0          0          4          0          0   stdout.o
        98          0          0          0          0         92   uldiv.o

    ----------------------------------------------------------------------
      1662         90          0         12          0        984   Library Totals
         2          0          0          0          0          0   (incl. Padding)

    ----------------------------------------------------------------------

      Code (inc. data)   RO Data    RW Data    ZI Data      Debug   Library Name

      1660         90          0         12          0        984   mc_w.l

    ----------------------------------------------------------------------
      1662         90          0         12          0        984   Library Totals

    ----------------------------------------------------------------------

==============================================================================


      Code (inc. data)   RO Data    RW Data    ZI Data      Debug   

     15396        492        900         28      24660     787910   Grand Totals
     15396        492        900         28      24660     787910   ELF Image Totals
     15396        492        900         28          0          0   ROM Totals

==============================================================================

    Total RO  Size (Code + RO Data)                16296 (  15.91kB)
    Total RW  Size (RW Data + ZI Data)             24688 (  24.11kB)
    Total ROM Size (Code + RO Data + RW Data)      16324 (  15.94kB)

==============================================================================

